2025-07-12 17:48:58.275718439 UTC> this derivation will be built:
2025-07-12 17:48:58.27606434 UTC>   /nix/store/hs9f8h52awiqvjncqx6c8wss1jxzhw5p-eduteams-0.1.0.drv
2025-07-12 17:48:59.809440563 UTC eduteams-0.1.0> Running phase: unpackPhase
2025-07-12 17:48:59.817637328 UTC eduteams-0.1.0 (unpackPhase)> unpacking source archive /nix/store/gi0icqx6s33v8jgj6hawrxwhf4a19zvg-05bp6wx08sizcq289fwxn5azizlazlhq-source
2025-07-12 17:48:59.837685983 UTC eduteams-0.1.0 (unpackPhase)> source root is 05bp6wx08sizcq289fwxn5azizlazlhq-source
2025-07-12 17:48:59.849864625 UTC eduteams-0.1.0 (unpackPhase)> Running phase: patchPhase
2025-07-12 17:48:59.858759701 UTC eduteams-0.1.0 (patchPhase)> Running phase: updateAutotoolsGnuConfigScriptsPhase
2025-07-12 17:48:59.871818415 UTC eduteams-0.1.0 (updateAutotoolsGnuConfigScriptsPhase)> Running phase: configurePhase
2025-07-12 17:48:59.890071098 UTC eduteams-0.1.0 (configurePhase)> no configure script, doing nothing
2025-07-12 17:48:59.894514395 UTC eduteams-0.1.0 (configurePhase)> Running phase: buildPhase
2025-07-12 17:49:00.544276612 UTC eduteams-0.1.0 (buildPhase)> Lockfile is up to date, resolution step is skipped
2025-07-12 17:49:00.595499585 UTC eduteams-0.1.0 (buildPhase)> Progress: resolved [96m1[39m, reused [96m0[39m, downloaded [96m0[39m, added [96m0[39m
2025-07-12 17:49:00.689399763 UTC eduteams-0.1.0 (buildPhase)> [1APackages: [32m+337[39m[0K
2025-07-12 17:49:00.690062655 UTC eduteams-0.1.0 (buildPhase)> 
2025-07-12 17:49:00.690521285 UTC eduteams-0.1.0 (buildPhase)> Progress: resolved [96m1[39m, reused [96m0[39m, downloaded [96m0[39m, added [96m0[39m
2025-07-12 17:49:00.772272512 UTC eduteams-0.1.0 (buildPhase)> [1A[43m[30m WARN [39m[49m GET https://registry.npmjs.org/@next/env/-/env-15.3.5.tgz error (EAI_AGAIN). Will retry in 10 seconds. 2 retries left.
2025-07-12 17:49:00.772760632 UTC eduteams-0.1.0 (buildPhase)> Progress: resolved [96m1[39m, reused [96m0[39m, downloaded [96m0[39m, added [96m0[39m
2025-07-12 17:49:00.773389714 UTC eduteams-0.1.0 (buildPhase)> [1A[43m[30m WARN [39m[49m GET https://registry.npmjs.org/import-fresh/-/import-fresh-3.3.1.tgz error (EAI_AGAIN). Will retry in 10 seconds. 2 retries left.
2025-07-12 17:49:00.774107125 UTC eduteams-0.1.0 (buildPhase)> Progress: resolved [96m1[39m, reused [96m0[39m, downloaded [96m0[39m, added [96m0[39m
2025-07-12 17:49:00.774746476 UTC eduteams-0.1.0 (buildPhase)> [1A[43m[30m WARN [39m[49m GET https://registry.npmjs.org/parent-module/-/parent-module-1.0.1.tgz error (EAI_AGAIN). Will retry in 10 seconds. 2 retries left.
2025-07-12 17:49:00.775163207 UTC eduteams-0.1.0 (buildPhase)> Progress: resolved [96m1[39m, reused [96m0[39m, downloaded [96m0[39m, added [96m0[39m
2025-07-12 17:49:00.775615258 UTC eduteams-0.1.0 (buildPhase)> [1A[43m[30m WARN [39m[49m GET https://registry.npmjs.org/callsites/-/callsites-3.1.0.tgz error (EAI_AGAIN). Will retry in 10 seconds. 2 retries left.
2025-07-12 17:49:00.776217269 UTC eduteams-0.1.0 (buildPhase)> Progress: resolved [96m1[39m, reused [96m0[39m, downloaded [96m0[39m, added [96m0[39m
2025-07-12 17:49:00.77663905 UTC eduteams-0.1.0 (buildPhase)> [1A[43m[30m WARN [39m[49m GET https://registry.npmjs.org/resolve-from/-/resolve-from-4.0.0.tgz error (EAI_AGAIN). Will retry in 10 seconds. 2 retries left.
2025-07-12 17:49:00.777084211 UTC eduteams-0.1.0 (buildPhase)> Progress: resolved [96m1[39m, reused [96m0[39m, downloaded [96m0[39m, added [96m0[39m
2025-07-12 17:49:00.777741052 UTC eduteams-0.1.0 (buildPhase)> [1A[43m[30m WARN [39m[49m GET https://registry.npmjs.org/js-yaml/-/js-yaml-4.1.0.tgz error (EAI_AGAIN). Will retry in 10 seconds. 2 retries left.
2025-07-12 17:49:00.778056172 UTC eduteams-0.1.0 (buildPhase)> Progress: resolved [96m1[39m, reused [96m0[39m, downloaded [96m0[39m, added [96m0[39m
2025-07-12 17:49:00.778464263 UTC eduteams-0.1.0 (buildPhase)> [1A[43m[30m WARN [39m[49m GET https://registry.npmjs.org/argparse/-/argparse-2.0.1.tgz error (EAI_AGAIN). Will retry in 10 seconds. 2 retries left.
2025-07-12 17:49:00.778715114 UTC eduteams-0.1.0 (buildPhase)> Progress: resolved [96m1[39m, reused [96m0[39m, downloaded [96m0[39m, added [96m0[39m
2025-07-12 17:49:00.778944564 UTC eduteams-0.1.0 (buildPhase)> [1A[43m[30m WARN [39m[49m GET https://registry.npmjs.org/minimatch/-/minimatch-3.1.2.tgz error (EAI_AGAIN). Will retry in 10 seconds. 2 retries left.
2025-07-12 17:49:00.779182454 UTC eduteams-0.1.0 (buildPhase)> Progress: resolved [96m1[39m, reused [96m0[39m, downloaded [96m0[39m, added [96m0[39m
2025-07-12 17:49:00.779428485 UTC eduteams-0.1.0 (buildPhase)> [1A[43m[30m WARN [39m[49m GET https://registry.npmjs.org/brace-expansion/-/brace-expansion-1.1.12.tgz error (EAI_AGAIN). Will retry in 10 seconds. 2 retries left.
2025-07-12 17:49:00.779677455 UTC eduteams-0.1.0 (buildPhase)> Progress: resolved [96m1[39m, reused [96m0[39m, downloaded [96m0[39m, added [96m0[39m
2025-07-12 17:49:00.779902196 UTC eduteams-0.1.0 (buildPhase)> [1A[43m[30m WARN [39m[49m GET https://registry.npmjs.org/balanced-match/-/balanced-match-1.0.2.tgz error (EAI_AGAIN). Will retry in 10 seconds. 2 retries left.
2025-07-12 17:49:00.780139536 UTC eduteams-0.1.0 (buildPhase)> Progress: resolved [96m1[39m, reused [96m0[39m, downloaded [96m0[39m, added [96m0[39m
2025-07-12 17:49:00.780367477 UTC eduteams-0.1.0 (buildPhase)> [1A[43m[30m WARN [39m[49m GET https://registry.npmjs.org/concat-map/-/concat-map-0.0.1.tgz error (EAI_AGAIN). Will retry in 10 seconds. 2 retries left.
2025-07-12 17:49:00.780619377 UTC eduteams-0.1.0 (buildPhase)> Progress: resolved [96m1[39m, reused [96m0[39m, downloaded [96m0[39m, added [96m0[39m
2025-07-12 17:49:00.780935587 UTC eduteams-0.1.0 (buildPhase)> [1A[43m[30m WARN [39m[49m GET https://registry.npmjs.org/strip-json-comments/-/strip-json-comments-3.1.1.tgz error (EAI_AGAIN). Will retry in 10 seconds. 2 retries left.
2025-07-12 17:49:00.781149138 UTC eduteams-0.1.0 (buildPhase)> Progress: resolved [96m1[39m, reused [96m0[39m, downloaded [96m0[39m, added [96m0[39m
2025-07-12 17:49:00.781343878 UTC eduteams-0.1.0 (buildPhase)> [1A[43m[30m WARN [39m[49m GET https://registry.npmjs.org/@tailwindcss/postcss/-/postcss-4.1.11.tgz error (EAI_AGAIN). Will retry in 10 seconds. 2 retries left.
2025-07-12 17:49:00.781563259 UTC eduteams-0.1.0 (buildPhase)> Progress: resolved [96m1[39m, reused [96m0[39m, downloaded [96m0[39m, added [96m0[39m
2025-07-12 17:49:00.781747509 UTC eduteams-0.1.0 (buildPhase)> [1A[43m[30m WARN [39m[49m GET https://registry.npmjs.org/@alloc/quick-lru/-/quick-lru-5.2.0.tgz error (EAI_AGAIN). Will retry in 10 seconds. 2 retries left.
2025-07-12 17:49:00.782012449 UTC eduteams-0.1.0 (buildPhase)> Progress: resolved [96m1[39m, reused [96m0[39m, downloaded [96m0[39m, added [96m0[39m
2025-07-12 17:49:00.78232601 UTC eduteams-0.1.0 (buildPhase)> [1A[43m[30m WARN [39m[49m GET https://registry.npmjs.org/@tailwindcss/node/-/node-4.1.11.tgz error (EAI_AGAIN). Will retry in 10 seconds. 2 retries left.
2025-07-12 17:49:00.782553461 UTC eduteams-0.1.0 (buildPhase)> Progress: resolved [96m1[39m, reused [96m0[39m, downloaded [96m0[39m, added [96m0[39m
2025-07-12 17:49:00.782796791 UTC eduteams-0.1.0 (buildPhase)> [1A[43m[30m WARN [39m[49m GET https://registry.npmjs.org/@ampproject/remapping/-/remapping-2.3.0.tgz error (EAI_AGAIN). Will retry in 10 seconds. 2 retries left.
2025-07-12 17:49:00.783031501 UTC eduteams-0.1.0 (buildPhase)> Progress: resolved [96m1[39m, reused [96m0[39m, downloaded [96m0[39m, added [96m0[39m
2025-07-12 17:49:00.783247682 UTC eduteams-0.1.0 (buildPhase)> [1A[43m[30m WARN [39m[49m GET https://registry.npmjs.org/@jridgewell/gen-mapping/-/gen-mapping-0.3.12.tgz error (EAI_AGAIN). Will retry in 10 seconds. 2 retries left.
2025-07-12 17:49:00.783443302 UTC eduteams-0.1.0 (buildPhase)> Progress: resolved [96m1[39m, reused [96m0[39m, downloaded [96m0[39m, added [96m0[39m
2025-07-12 17:49:00.783637983 UTC eduteams-0.1.0 (buildPhase)> [1A[43m[30m WARN [39m[49m GET https://registry.npmjs.org/@jridgewell/sourcemap-codec/-/sourcemap-codec-1.5.4.tgz error (EAI_AGAIN). Will retry in 10 seconds. 2 retries left.
2025-07-12 17:49:00.783873303 UTC eduteams-0.1.0 (buildPhase)> Progress: resolved [96m1[39m, reused [96m0[39m, downloaded [96m0[39m, added [96m0[39m
2025-07-12 17:49:00.784061103 UTC eduteams-0.1.0 (buildPhase)> [1A[43m[30m WARN [39m[49m GET https://registry.npmjs.org/@jridgewell/trace-mapping/-/trace-mapping-0.3.29.tgz error (EAI_AGAIN). Will retry in 10 seconds. 2 retries left.
2025-07-12 17:49:00.784256453 UTC eduteams-0.1.0 (buildPhase)> Progress: resolved [96m1[39m, reused [96m0[39m, downloaded [96m0[39m, added [96m0[39m
2025-07-12 17:49:00.784480044 UTC eduteams-0.1.0 (buildPhase)> [1A[43m[30m WARN [39m[49m GET https://registry.npmjs.org/@jridgewell/resolve-uri/-/resolve-uri-3.1.2.tgz error (EAI_AGAIN). Will retry in 10 seconds. 2 retries left.
2025-07-12 17:49:00.784696354 UTC eduteams-0.1.0 (buildPhase)> Progress: resolved [96m1[39m, reused [96m0[39m, downloaded [96m0[39m, added [96m0[39m
2025-07-12 17:49:00.784928925 UTC eduteams-0.1.0 (buildPhase)> [1A[43m[30m WARN [39m[49m GET https://registry.npmjs.org/enhanced-resolve/-/enhanced-resolve-5.18.2.tgz error (EAI_AGAIN). Will retry in 10 seconds. 2 retries left.
2025-07-12 17:49:00.785161475 UTC eduteams-0.1.0 (buildPhase)> Progress: resolved [96m1[39m, reused [96m0[39m, downloaded [96m0[39m, added [96m0[39m
2025-07-12 17:49:00.785405106 UTC eduteams-0.1.0 (buildPhase)> [1A[43m[30m WARN [39m[49m GET https://registry.npmjs.org/graceful-fs/-/graceful-fs-4.2.11.tgz error (EAI_AGAIN). Will retry in 10 seconds. 2 retries left.
2025-07-12 17:49:00.785668446 UTC eduteams-0.1.0 (buildPhase)> Progress: resolved [96m1[39m, reused [96m0[39m, downloaded [96m0[39m, added [96m0[39m
2025-07-12 17:49:00.785867296 UTC eduteams-0.1.0 (buildPhase)> [1A[43m[30m WARN [39m[49m GET https://registry.npmjs.org/tapable/-/tapable-2.2.2.tgz error (EAI_AGAIN). Will retry in 10 seconds. 2 retries left.
2025-07-12 17:49:00.786062507 UTC eduteams-0.1.0 (buildPhase)> Progress: resolved [96m1[39m, reused [96m0[39m, downloaded [96m0[39m, added [96m0[39m
2025-07-12 17:49:00.786309307 UTC eduteams-0.1.0 (buildPhase)> [1A[43m[30m WARN [39m[49m GET https://registry.npmjs.org/jiti/-/jiti-2.4.2.tgz error (EAI_AGAIN). Will retry in 10 seconds. 2 retries left.
2025-07-12 17:49:00.78745645 UTC eduteams-0.1.0 (buildPhase)> Progress: resolved [96m1[39m, reused [96m0[39m, downloaded [96m0[39m, added [96m0[39m
2025-07-12 17:49:00.78766393 UTC eduteams-0.1.0 (buildPhase)> [1A[43m[30m WARN [39m[49m GET https://registry.npmjs.org/lightningcss/-/lightningcss-1.30.1.tgz error (EAI_AGAIN). Will retry in 10 seconds. 2 retries left.
2025-07-12 17:49:00.78783769 UTC eduteams-0.1.0 (buildPhase)> Progress: resolved [96m1[39m, reused [96m0[39m, downloaded [96m0[39m, added [96m0[39m
2025-07-12 17:49:00.788064051 UTC eduteams-0.1.0 (buildPhase)> [1A[43m[30m WARN [39m[49m GET https://registry.npmjs.org/lightningcss-linux-x64-gnu/-/lightningcss-linux-x64-gnu-1.30.1.tgz error (EAI_AGAIN). Will retry in 10 seconds. 2 retries left.
2025-07-12 17:49:00.788243201 UTC eduteams-0.1.0 (buildPhase)> Progress: resolved [96m1[39m, reused [96m0[39m, downloaded [96m0[39m, added [96m0[39m
2025-07-12 17:49:00.788443851 UTC eduteams-0.1.0 (buildPhase)> [1A[43m[30m WARN [39m[49m GET https://registry.npmjs.org/lightningcss-linux-x64-musl/-/lightningcss-linux-x64-musl-1.30.1.tgz error (EAI_AGAIN). Will retry in 10 seconds. 2 retries left.
2025-07-12 17:49:00.788619901 UTC eduteams-0.1.0 (buildPhase)> Progress: resolved [96m1[39m, reused [96m0[39m, downloaded [96m0[39m, added [96m0[39m
2025-07-12 17:49:00.788788332 UTC eduteams-0.1.0 (buildPhase)> [1A[43m[30m WARN [39m[49m GET https://registry.npmjs.org/magic-string/-/magic-string-0.30.17.tgz error (EAI_AGAIN). Will retry in 10 seconds. 2 retries left.
2025-07-12 17:49:00.788960852 UTC eduteams-0.1.0 (buildPhase)> Progress: resolved [96m1[39m, reused [96m0[39m, downloaded [96m0[39m, added [96m0[39m
2025-07-12 17:49:00.789131593 UTC eduteams-0.1.0 (buildPhase)> [1A[43m[30m WARN [39m[49m GET https://registry.npmjs.org/tailwindcss/-/tailwindcss-4.1.11.tgz error (EAI_AGAIN). Will retry in 10 seconds. 2 retries left.
2025-07-12 17:49:00.789285123 UTC eduteams-0.1.0 (buildPhase)> Progress: resolved [96m1[39m, reused [96m0[39m, downloaded [96m0[39m, added [96m0[39m
2025-07-12 17:49:00.790659135 UTC eduteams-0.1.0 (buildPhase)> [1A[43m[30m WARN [39m[49m GET https://registry.npmjs.org/@tailwindcss/oxide/-/oxide-4.1.11.tgz error (EAI_AGAIN). Will retry in 10 seconds. 2 retries left.
2025-07-12 17:49:00.790842266 UTC eduteams-0.1.0 (buildPhase)> Progress: resolved [96m1[39m, reused [96m0[39m, downloaded [96m0[39m, added [96m0[39m
2025-07-12 17:49:00.791374717 UTC eduteams-0.1.0 (buildPhase)> [1A[43m[30m WARN [39m[49m GET https://registry.npmjs.org/tar/-/tar-7.4.3.tgz error (EAI_AGAIN). Will retry in 10 seconds. 2 retries left.
2025-07-12 17:49:00.791566667 UTC eduteams-0.1.0 (buildPhase)> Progress: resolved [96m1[39m, reused [96m0[39m, downloaded [96m0[39m, added [96m0[39m
2025-07-12 17:49:00.792117768 UTC eduteams-0.1.0 (buildPhase)> [1A[43m[30m WARN [39m[49m GET https://registry.npmjs.org/@isaacs/fs-minipass/-/fs-minipass-4.0.1.tgz error (EAI_AGAIN). Will retry in 10 seconds. 2 retries left.
2025-07-12 17:49:00.792277348 UTC eduteams-0.1.0 (buildPhase)> Progress: resolved [96m1[39m, reused [96m0[39m, downloaded [96m0[39m, added [96m0[39m
2025-07-12 17:49:00.792527779 UTC eduteams-0.1.0 (buildPhase)> [1A[43m[30m WARN [39m[49m GET https://registry.npmjs.org/minipass/-/minipass-7.1.2.tgz error (EAI_AGAIN). Will retry in 10 seconds. 2 retries left.
2025-07-12 17:49:00.792728779 UTC eduteams-0.1.0 (buildPhase)> Progress: resolved [96m1[39m, reused [96m0[39m, downloaded [96m0[39m, added [96m0[39m
2025-07-12 17:49:00.79340208 UTC eduteams-0.1.0 (buildPhase)> [1A[43m[30m WARN [39m[49m GET https://registry.npmjs.org/chownr/-/chownr-3.0.0.tgz error (EAI_AGAIN). Will retry in 10 seconds. 2 retries left.
2025-07-12 17:49:00.793563771 UTC eduteams-0.1.0 (buildPhase)> Progress: resolved [96m1[39m, reused [96m0[39m, downloaded [96m0[39m, added [96m0[39m
2025-07-12 17:49:00.793891211 UTC eduteams-0.1.0 (buildPhase)> [1A[43m[30m WARN [39m[49m GET https://registry.npmjs.org/minizlib/-/minizlib-3.0.2.tgz error (EAI_AGAIN). Will retry in 10 seconds. 2 retries left.
2025-07-12 17:49:00.794088242 UTC eduteams-0.1.0 (buildPhase)> Progress: resolved [96m1[39m, reused [96m0[39m, downloaded [96m0[39m, added [96m0[39m
2025-07-12 17:49:00.794280712 UTC eduteams-0.1.0 (buildPhase)> [1A[43m[30m WARN [39m[49m GET https://registry.npmjs.org/mkdirp/-/mkdirp-3.0.1.tgz error (EAI_AGAIN). Will retry in 10 seconds. 2 retries left.
2025-07-12 17:49:00.794468372 UTC eduteams-0.1.0 (buildPhase)> Progress: resolved [96m1[39m, reused [96m0[39m, downloaded [96m0[39m, added [96m0[39m
2025-07-12 17:49:00.794632703 UTC eduteams-0.1.0 (buildPhase)> [1A[43m[30m WARN [39m[49m GET https://registry.npmjs.org/yallist/-/yallist-5.0.0.tgz error (EAI_AGAIN). Will retry in 10 seconds. 2 retries left.
2025-07-12 17:49:00.794823643 UTC eduteams-0.1.0 (buildPhase)> Progress: resolved [96m1[39m, reused [96m0[39m, downloaded [96m0[39m, added [96m0[39m
2025-07-12 17:49:00.795014423 UTC eduteams-0.1.0 (buildPhase)> [1A[43m[30m WARN [39m[49m GET https://registry.npmjs.org/@tailwindcss/oxide-linux-x64-gnu/-/oxide-linux-x64-gnu-4.1.11.tgz error (EAI_AGAIN). Will retry in 10 seconds. 2 retries left.
2025-07-12 17:49:00.795204804 UTC eduteams-0.1.0 (buildPhase)> Progress: resolved [96m1[39m, reused [96m0[39m, downloaded [96m0[39m, added [96m0[39m
2025-07-12 17:49:00.795396074 UTC eduteams-0.1.0 (buildPhase)> [1A[43m[30m WARN [39m[49m GET https://registry.npmjs.org/@tailwindcss/oxide-linux-x64-musl/-/oxide-linux-x64-musl-4.1.11.tgz error (EAI_AGAIN). Will retry in 10 seconds. 2 retries left.
2025-07-12 17:49:00.795598944 UTC eduteams-0.1.0 (buildPhase)> Progress: resolved [96m1[39m, reused [96m0[39m, downloaded [96m0[39m, added [96m0[39m
2025-07-12 17:49:00.795879105 UTC eduteams-0.1.0 (buildPhase)> [1A[43m[30m WARN [39m[49m GET https://registry.npmjs.org/postcss/-/postcss-8.5.6.tgz error (EAI_AGAIN). Will retry in 10 seconds. 2 retries left.
2025-07-12 17:49:00.796055795 UTC eduteams-0.1.0 (buildPhase)> Progress: resolved [96m1[39m, reused [96m0[39m, downloaded [96m0[39m, added [96m0[39m
2025-07-12 17:49:00.796261266 UTC eduteams-0.1.0 (buildPhase)> [1A[43m[30m WARN [39m[49m GET https://registry.npmjs.org/@types/node/-/node-20.19.7.tgz error (EAI_AGAIN). Will retry in 10 seconds. 2 retries left.
2025-07-12 17:49:00.796431836 UTC eduteams-0.1.0 (buildPhase)> Progress: resolved [96m1[39m, reused [96m0[39m, downloaded [96m0[39m, added [96m0[39m
2025-07-12 17:49:00.796698316 UTC eduteams-0.1.0 (buildPhase)> [1A[43m[30m WARN [39m[49m GET https://registry.npmjs.org/undici-types/-/undici-types-6.21.0.tgz error (EAI_AGAIN). Will retry in 10 seconds. 2 retries left.
2025-07-12 17:49:00.796874407 UTC eduteams-0.1.0 (buildPhase)> Progress: resolved [96m1[39m, reused [96m0[39m, downloaded [96m0[39m, added [96m0[39m
2025-07-12 17:49:00.797094677 UTC eduteams-0.1.0 (buildPhase)> [1A[43m[30m WARN [39m[49m GET https://registry.npmjs.org/@types/react/-/react-19.1.8.tgz error (EAI_AGAIN). Will retry in 10 seconds. 2 retries left.
2025-07-12 17:49:00.797268497 UTC eduteams-0.1.0 (buildPhase)> Progress: resolved [96m1[39m, reused [96m0[39m, downloaded [96m0[39m, added [96m0[39m
2025-07-12 17:49:00.797503348 UTC eduteams-0.1.0 (buildPhase)> [1A[43m[30m WARN [39m[49m GET https://registry.npmjs.org/csstype/-/csstype-3.1.3.tgz error (EAI_AGAIN). Will retry in 10 seconds. 2 retries left.
2025-07-12 17:49:00.797667558 UTC eduteams-0.1.0 (buildPhase)> Progress: resolved [96m1[39m, reused [96m0[39m, downloaded [96m0[39m, added [96m0[39m
2025-07-12 17:49:00.797932098 UTC eduteams-0.1.0 (buildPhase)> [1A[43m[30m WARN [39m[49m GET https://registry.npmjs.org/@types/react-dom/-/react-dom-19.1.6.tgz error (EAI_AGAIN). Will retry in 10 seconds. 2 retries left.
2025-07-12 17:49:00.798092209 UTC eduteams-0.1.0 (buildPhase)> Progress: resolved [96m1[39m, reused [96m0[39m, downloaded [96m0[39m, added [96m0[39m
2025-07-12 17:49:00.798409549 UTC eduteams-0.1.0 (buildPhase)> [1A[43m[30m WARN [39m[49m GET https://registry.npmjs.org/eslint/-/eslint-9.31.0.tgz error (EAI_AGAIN). Will retry in 10 seconds. 2 retries left.
2025-07-12 17:49:00.79858544 UTC eduteams-0.1.0 (buildPhase)> Progress: resolved [96m1[39m, reused [96m0[39m, downloaded [96m0[39m, added [96m0[39m
2025-07-12 17:49:00.7988744 UTC eduteams-0.1.0 (buildPhase)> [1A[43m[30m WARN [39m[49m GET https://registry.npmjs.org/@eslint-community/eslint-utils/-/eslint-utils-4.7.0.tgz error (EAI_AGAIN). Will retry in 10 seconds. 2 retries left.
2025-07-12 17:49:00.79905304 UTC eduteams-0.1.0 (buildPhase)> Progress: resolved [96m1[39m, reused [96m0[39m, downloaded [96m0[39m, added [96m0[39m
2025-07-12 17:49:00.799256411 UTC eduteams-0.1.0 (buildPhase)> [1A[43m[30m WARN [39m[49m GET https://registry.npmjs.org/eslint-visitor-keys/-/eslint-visitor-keys-3.4.3.tgz error (EAI_AGAIN). Will retry in 10 seconds. 2 retries left.
2025-07-12 17:49:00.799447031 UTC eduteams-0.1.0 (buildPhase)> Progress: resolved [96m1[39m, reused [96m0[39m, downloaded [96m0[39m, added [96m0[39m
2025-07-12 17:49:00.80432756 UTC eduteams-0.1.0 (buildPhase)> [1AProgress: resolved [96m337[39m, reused [96m0[39m, downloaded [96m0[39m, added [96m0[39m
2025-07-12 17:49:10.778685349 UTC eduteams-0.1.0 (buildPhase)> [1A[43m[30m WARN [39m[49m GET https://registry.npmjs.org/@next/env/-/env-15.3.5.tgz error (EAI_AGAIN). Will retry in 1 minute. 1 retries left.
2025-07-12 17:49:10.779323921 UTC eduteams-0.1.0 (buildPhase)> Progress: resolved [96m337[39m, reused [96m0[39m, downloaded [96m0[39m, added [96m0[39m
2025-07-12 17:49:10.786177893 UTC eduteams-0.1.0 (buildPhase)> [1A[43m[30m WARN [39m[49m GET https://registry.npmjs.org/import-fresh/-/import-fresh-3.3.1.tgz error (EAI_AGAIN). Will retry in 1 minute. 1 retries left.
2025-07-12 17:49:10.786493434 UTC eduteams-0.1.0 (buildPhase)> Progress: resolved [96m337[39m, reused [96m0[39m, downloaded [96m0[39m, added [96m0[39m
2025-07-12 17:49:10.786782074 UTC eduteams-0.1.0 (buildPhase)> [1A[43m[30m WARN [39m[49m GET https://registry.npmjs.org/parent-module/-/parent-module-1.0.1.tgz error (EAI_AGAIN). Will retry in 1 minute. 1 retries left.
2025-07-12 17:49:10.787122305 UTC eduteams-0.1.0 (buildPhase)> Progress: resolved [96m337[39m, reused [96m0[39m, downloaded [96m0[39m, added [96m0[39m
2025-07-12 17:49:10.787532856 UTC eduteams-0.1.0 (buildPhase)> [1A[43m[30m WARN [39m[49m GET https://registry.npmjs.org/callsites/-/callsites-3.1.0.tgz error (EAI_AGAIN). Will retry in 1 minute. 1 retries left.
2025-07-12 17:49:10.787756636 UTC eduteams-0.1.0 (buildPhase)> Progress: resolved [96m337[39m, reused [96m0[39m, downloaded [96m0[39m, added [96m0[39m
2025-07-12 17:49:10.788134197 UTC eduteams-0.1.0 (buildPhase)> [1A[43m[30m WARN [39m[49m GET https://registry.npmjs.org/resolve-from/-/resolve-from-4.0.0.tgz error (EAI_AGAIN). Will retry in 1 minute. 1 retries left.
2025-07-12 17:49:10.788555927 UTC eduteams-0.1.0 (buildPhase)> Progress: resolved [96m337[39m, reused [96m0[39m, downloaded [96m0[39m, added [96m0[39m
2025-07-12 17:49:10.788781958 UTC eduteams-0.1.0 (buildPhase)> [1A[43m[30m WARN [39m[49m GET https://registry.npmjs.org/js-yaml/-/js-yaml-4.1.0.tgz error (EAI_AGAIN). Will retry in 1 minute. 1 retries left.
2025-07-12 17:49:10.789151988 UTC eduteams-0.1.0 (buildPhase)> Progress: resolved [96m337[39m, reused [96m0[39m, downloaded [96m0[39m, added [96m0[39m
2025-07-12 17:49:10.789435159 UTC eduteams-0.1.0 (buildPhase)> [1A[43m[30m WARN [39m[49m GET https://registry.npmjs.org/argparse/-/argparse-2.0.1.tgz error (EAI_AGAIN). Will retry in 1 minute. 1 retries left.
2025-07-12 17:49:10.789655059 UTC eduteams-0.1.0 (buildPhase)> Progress: resolved [96m337[39m, reused [96m0[39m, downloaded [96m0[39m, added [96m0[39m
2025-07-12 17:49:10.78986318 UTC eduteams-0.1.0 (buildPhase)> [1A[43m[30m WARN [39m[49m GET https://registry.npmjs.org/minimatch/-/minimatch-3.1.2.tgz error (EAI_AGAIN). Will retry in 1 minute. 1 retries left.
2025-07-12 17:49:10.79004523 UTC eduteams-0.1.0 (buildPhase)> Progress: resolved [96m337[39m, reused [96m0[39m, downloaded [96m0[39m, added [96m0[39m
2025-07-12 17:49:10.79023819 UTC eduteams-0.1.0 (buildPhase)> [1A[43m[30m WARN [39m[49m GET https://registry.npmjs.org/brace-expansion/-/brace-expansion-1.1.12.tgz error (EAI_AGAIN). Will retry in 1 minute. 1 retries left.
2025-07-12 17:49:10.790465691 UTC eduteams-0.1.0 (buildPhase)> Progress: resolved [96m337[39m, reused [96m0[39m, downloaded [96m0[39m, added [96m0[39m
2025-07-12 17:49:10.790683831 UTC eduteams-0.1.0 (buildPhase)> [1A[43m[30m WARN [39m[49m GET https://registry.npmjs.org/balanced-match/-/balanced-match-1.0.2.tgz error (EAI_AGAIN). Will retry in 1 minute. 1 retries left.
2025-07-12 17:49:10.790868142 UTC eduteams-0.1.0 (buildPhase)> Progress: resolved [96m337[39m, reused [96m0[39m, downloaded [96m0[39m, added [96m0[39m
2025-07-12 17:49:10.808783554 UTC eduteams-0.1.0 (buildPhase)> [1A[43m[30m WARN [39m[49m GET https://registry.npmjs.org/concat-map/-/concat-map-0.0.1.tgz error (EAI_AGAIN). Will retry in 1 minute. 1 retries left.
2025-07-12 17:49:10.809058705 UTC eduteams-0.1.0 (buildPhase)> Progress: resolved [96m337[39m, reused [96m0[39m, downloaded [96m0[39m, added [96m0[39m
2025-07-12 17:49:10.809345705 UTC eduteams-0.1.0 (buildPhase)> [1A[43m[30m WARN [39m[49m GET https://registry.npmjs.org/strip-json-comments/-/strip-json-comments-3.1.1.tgz error (EAI_AGAIN). Will retry in 1 minute. 1 retries left.
2025-07-12 17:49:10.809573886 UTC eduteams-0.1.0 (buildPhase)> Progress: resolved [96m337[39m, reused [96m0[39m, downloaded [96m0[39m, added [96m0[39m
2025-07-12 17:49:10.809815656 UTC eduteams-0.1.0 (buildPhase)> [1A[43m[30m WARN [39m[49m GET https://registry.npmjs.org/@tailwindcss/postcss/-/postcss-4.1.11.tgz error (EAI_AGAIN). Will retry in 1 minute. 1 retries left.
2025-07-12 17:49:10.810079587 UTC eduteams-0.1.0 (buildPhase)> Progress: resolved [96m337[39m, reused [96m0[39m, downloaded [96m0[39m, added [96m0[39m
2025-07-12 17:49:10.810438277 UTC eduteams-0.1.0 (buildPhase)> [1A[43m[30m WARN [39m[49m GET https://registry.npmjs.org/@alloc/quick-lru/-/quick-lru-5.2.0.tgz error (EAI_AGAIN). Will retry in 1 minute. 1 retries left.
2025-07-12 17:49:10.810624728 UTC eduteams-0.1.0 (buildPhase)> Progress: resolved [96m337[39m, reused [96m0[39m, downloaded [96m0[39m, added [96m0[39m
2025-07-12 17:49:10.811027738 UTC eduteams-0.1.0 (buildPhase)> [1A[43m[30m WARN [39m[49m GET https://registry.npmjs.org/@tailwindcss/node/-/node-4.1.11.tgz error (EAI_AGAIN). Will retry in 1 minute. 1 retries left.
2025-07-12 17:49:10.811241309 UTC eduteams-0.1.0 (buildPhase)> Progress: resolved [96m337[39m, reused [96m0[39m, downloaded [96m0[39m, added [96m0[39m
2025-07-12 17:49:10.811658169 UTC eduteams-0.1.0 (buildPhase)> [1A[43m[30m WARN [39m[49m GET https://registry.npmjs.org/@ampproject/remapping/-/remapping-2.3.0.tgz error (EAI_AGAIN). Will retry in 1 minute. 1 retries left.
2025-07-12 17:49:10.81188793 UTC eduteams-0.1.0 (buildPhase)> Progress: resolved [96m337[39m, reused [96m0[39m, downloaded [96m0[39m, added [96m0[39m
2025-07-12 17:49:10.81211104 UTC eduteams-0.1.0 (buildPhase)> [1A[43m[30m WARN [39m[49m GET https://registry.npmjs.org/@jridgewell/gen-mapping/-/gen-mapping-0.3.12.tgz error (EAI_AGAIN). Will retry in 1 minute. 1 retries left.
2025-07-12 17:49:10.812373211 UTC eduteams-0.1.0 (buildPhase)> Progress: resolved [96m337[39m, reused [96m0[39m, downloaded [96m0[39m, added [96m0[39m
2025-07-12 17:49:10.812620751 UTC eduteams-0.1.0 (buildPhase)> [1A[43m[30m WARN [39m[49m GET https://registry.npmjs.org/@jridgewell/sourcemap-codec/-/sourcemap-codec-1.5.4.tgz error (EAI_AGAIN). Will retry in 1 minute. 1 retries left.
2025-07-12 17:49:10.812841742 UTC eduteams-0.1.0 (buildPhase)> Progress: resolved [96m337[39m, reused [96m0[39m, downloaded [96m0[39m, added [96m0[39m
2025-07-12 17:49:10.813046272 UTC eduteams-0.1.0 (buildPhase)> [1A[43m[30m WARN [39m[49m GET https://registry.npmjs.org/@jridgewell/trace-mapping/-/trace-mapping-0.3.29.tgz error (EAI_AGAIN). Will retry in 1 minute. 1 retries left.
2025-07-12 17:49:10.813264532 UTC eduteams-0.1.0 (buildPhase)> Progress: resolved [96m337[39m, reused [96m0[39m, downloaded [96m0[39m, added [96m0[39m
2025-07-12 17:49:10.813560433 UTC eduteams-0.1.0 (buildPhase)> [1A[43m[30m WARN [39m[49m GET https://registry.npmjs.org/@jridgewell/resolve-uri/-/resolve-uri-3.1.2.tgz error (EAI_AGAIN). Will retry in 1 minute. 1 retries left.
2025-07-12 17:49:10.813730643 UTC eduteams-0.1.0 (buildPhase)> Progress: resolved [96m337[39m, reused [96m0[39m, downloaded [96m0[39m, added [96m0[39m
2025-07-12 17:49:10.814115034 UTC eduteams-0.1.0 (buildPhase)> [1A[43m[30m WARN [39m[49m GET https://registry.npmjs.org/enhanced-resolve/-/enhanced-resolve-5.18.2.tgz error (EAI_AGAIN). Will retry in 1 minute. 1 retries left.
2025-07-12 17:49:10.814331904 UTC eduteams-0.1.0 (buildPhase)> Progress: resolved [96m337[39m, reused [96m0[39m, downloaded [96m0[39m, added [96m0[39m
2025-07-12 17:49:10.814880775 UTC eduteams-0.1.0 (buildPhase)> [1A[43m[30m WARN [39m[49m GET https://registry.npmjs.org/graceful-fs/-/graceful-fs-4.2.11.tgz error (EAI_AGAIN). Will retry in 1 minute. 1 retries left.
2025-07-12 17:49:10.815091406 UTC eduteams-0.1.0 (buildPhase)> Progress: resolved [96m337[39m, reused [96m0[39m, downloaded [96m0[39m, added [96m0[39m
2025-07-12 17:49:10.815457226 UTC eduteams-0.1.0 (buildPhase)> [1A[43m[30m WARN [39m[49m GET https://registry.npmjs.org/tapable/-/tapable-2.2.2.tgz error (EAI_AGAIN). Will retry in 1 minute. 1 retries left.
2025-07-12 17:49:10.815662467 UTC eduteams-0.1.0 (buildPhase)> Progress: resolved [96m337[39m, reused [96m0[39m, downloaded [96m0[39m, added [96m0[39m
2025-07-12 17:49:10.816132668 UTC eduteams-0.1.0 (buildPhase)> [1A[43m[30m WARN [39m[49m GET https://registry.npmjs.org/jiti/-/jiti-2.4.2.tgz error (EAI_AGAIN). Will retry in 1 minute. 1 retries left.
2025-07-12 17:49:10.816378158 UTC eduteams-0.1.0 (buildPhase)> Progress: resolved [96m337[39m, reused [96m0[39m, downloaded [96m0[39m, added [96m0[39m
2025-07-12 17:49:10.816680638 UTC eduteams-0.1.0 (buildPhase)> [1A[43m[30m WARN [39m[49m GET https://registry.npmjs.org/lightningcss/-/lightningcss-1.30.1.tgz error (EAI_AGAIN). Will retry in 1 minute. 1 retries left.
2025-07-12 17:49:10.816870629 UTC eduteams-0.1.0 (buildPhase)> Progress: resolved [96m337[39m, reused [96m0[39m, downloaded [96m0[39m, added [96m0[39m
2025-07-12 17:49:10.81741748 UTC eduteams-0.1.0 (buildPhase)> [1A[43m[30m WARN [39m[49m GET https://registry.npmjs.org/lightningcss-linux-x64-gnu/-/lightningcss-linux-x64-gnu-1.30.1.tgz error (EAI_AGAIN). Will retry in 1 minute. 1 retries left.
2025-07-12 17:49:10.8176307 UTC eduteams-0.1.0 (buildPhase)> Progress: resolved [96m337[39m, reused [96m0[39m, downloaded [96m0[39m, added [96m0[39m
2025-07-12 17:49:10.818064961 UTC eduteams-0.1.0 (buildPhase)> [1A[43m[30m WARN [39m[49m GET https://registry.npmjs.org/lightningcss-linux-x64-musl/-/lightningcss-linux-x64-musl-1.30.1.tgz error (EAI_AGAIN). Will retry in 1 minute. 1 retries left.
2025-07-12 17:49:10.818278141 UTC eduteams-0.1.0 (buildPhase)> Progress: resolved [96m337[39m, reused [96m0[39m, downloaded [96m0[39m, added [96m0[39m
2025-07-12 17:49:10.818720912 UTC eduteams-0.1.0 (buildPhase)> [1A[43m[30m WARN [39m[49m GET https://registry.npmjs.org/magic-string/-/magic-string-0.30.17.tgz error (EAI_AGAIN). Will retry in 1 minute. 1 retries left.
2025-07-12 17:49:10.818940902 UTC eduteams-0.1.0 (buildPhase)> Progress: resolved [96m337[39m, reused [96m0[39m, downloaded [96m0[39m, added [96m0[39m
2025-07-12 17:49:10.819362823 UTC eduteams-0.1.0 (buildPhase)> [1A[43m[30m WARN [39m[49m GET https://registry.npmjs.org/tailwindcss/-/tailwindcss-4.1.11.tgz error (EAI_AGAIN). Will retry in 1 minute. 1 retries left.
2025-07-12 17:49:10.819587384 UTC eduteams-0.1.0 (buildPhase)> Progress: resolved [96m337[39m, reused [96m0[39m, downloaded [96m0[39m, added [96m0[39m
2025-07-12 17:49:10.836784305 UTC eduteams-0.1.0 (buildPhase)> [1A[43m[30m WARN [39m[49m GET https://registry.npmjs.org/@tailwindcss/oxide/-/oxide-4.1.11.tgz error (EAI_AGAIN). Will retry in 1 minute. 1 retries left.
2025-07-12 17:49:10.837075755 UTC eduteams-0.1.0 (buildPhase)> Progress: resolved [96m337[39m, reused [96m0[39m, downloaded [96m0[39m, added [96m0[39m
2025-07-12 17:49:10.837901577 UTC eduteams-0.1.0 (buildPhase)> [1A[43m[30m WARN [39m[49m GET https://registry.npmjs.org/tar/-/tar-7.4.3.tgz error (EAI_AGAIN). Will retry in 1 minute. 1 retries left.
2025-07-12 17:49:10.838178537 UTC eduteams-0.1.0 (buildPhase)> Progress: resolved [96m337[39m, reused [96m0[39m, downloaded [96m0[39m, added [96m0[39m
2025-07-12 17:49:10.838764648 UTC eduteams-0.1.0 (buildPhase)> [1A[43m[30m WARN [39m[49m GET https://registry.npmjs.org/@isaacs/fs-minipass/-/fs-minipass-4.0.1.tgz error (EAI_AGAIN). Will retry in 1 minute. 1 retries left.
2025-07-12 17:49:10.839051369 UTC eduteams-0.1.0 (buildPhase)> Progress: resolved [96m337[39m, reused [96m0[39m, downloaded [96m0[39m, added [96m0[39m
2025-07-12 17:49:10.839361199 UTC eduteams-0.1.0 (buildPhase)> [1A[43m[30m WARN [39m[49m GET https://registry.npmjs.org/minipass/-/minipass-7.1.2.tgz error (EAI_AGAIN). Will retry in 1 minute. 1 retries left.
2025-07-12 17:49:10.83958425 UTC eduteams-0.1.0 (buildPhase)> Progress: resolved [96m337[39m, reused [96m0[39m, downloaded [96m0[39m, added [96m0[39m
2025-07-12 17:49:10.840122971 UTC eduteams-0.1.0 (buildPhase)> [1A[43m[30m WARN [39m[49m GET https://registry.npmjs.org/chownr/-/chownr-3.0.0.tgz error (EAI_AGAIN). Will retry in 1 minute. 1 retries left.
2025-07-12 17:49:10.840342511 UTC eduteams-0.1.0 (buildPhase)> Progress: resolved [96m337[39m, reused [96m0[39m, downloaded [96m0[39m, added [96m0[39m
2025-07-12 17:49:10.840705562 UTC eduteams-0.1.0 (buildPhase)> [1A[43m[30m WARN [39m[49m GET https://registry.npmjs.org/minizlib/-/minizlib-3.0.2.tgz error (EAI_AGAIN). Will retry in 1 minute. 1 retries left.
2025-07-12 17:49:10.840924872 UTC eduteams-0.1.0 (buildPhase)> Progress: resolved [96m337[39m, reused [96m0[39m, downloaded [96m0[39m, added [96m0[39m
2025-07-12 17:49:10.841423853 UTC eduteams-0.1.0 (buildPhase)> [1A[43m[30m WARN [39m[49m GET https://registry.npmjs.org/mkdirp/-/mkdirp-3.0.1.tgz error (EAI_AGAIN). Will retry in 1 minute. 1 retries left.
2025-07-12 17:49:10.841645743 UTC eduteams-0.1.0 (buildPhase)> Progress: resolved [96m337[39m, reused [96m0[39m, downloaded [96m0[39m, added [96m0[39m
2025-07-12 17:49:10.841883124 UTC eduteams-0.1.0 (buildPhase)> [1A[43m[30m WARN [39m[49m GET https://registry.npmjs.org/yallist/-/yallist-5.0.0.tgz error (EAI_AGAIN). Will retry in 1 minute. 1 retries left.
2025-07-12 17:49:10.842085474 UTC eduteams-0.1.0 (buildPhase)> Progress: resolved [96m337[39m, reused [96m0[39m, downloaded [96m0[39m, added [96m0[39m
2025-07-12 17:49:10.842228284 UTC eduteams-0.1.0 (buildPhase)> [1A[43m[30m WARN [39m[49m GET https://registry.npmjs.org/@tailwindcss/oxide-linux-x64-gnu/-/oxide-linux-x64-gnu-4.1.11.tgz error (EAI_AGAIN). Will retry in 1 minute. 1 retries left.
2025-07-12 17:49:10.842439955 UTC eduteams-0.1.0 (buildPhase)> Progress: resolved [96m337[39m, reused [96m0[39m, downloaded [96m0[39m, added [96m0[39m
2025-07-12 17:49:10.842907886 UTC eduteams-0.1.0 (buildPhase)> [1A[43m[30m WARN [39m[49m GET https://registry.npmjs.org/@tailwindcss/oxide-linux-x64-musl/-/oxide-linux-x64-musl-4.1.11.tgz error (EAI_AGAIN). Will retry in 1 minute. 1 retries left.
2025-07-12 17:49:10.843118836 UTC eduteams-0.1.0 (buildPhase)> Progress: resolved [96m337[39m, reused [96m0[39m, downloaded [96m0[39m, added [96m0[39m
2025-07-12 17:49:10.843631877 UTC eduteams-0.1.0 (buildPhase)> [1A[43m[30m WARN [39m[49m GET https://registry.npmjs.org/postcss/-/postcss-8.5.6.tgz error (EAI_AGAIN). Will retry in 1 minute. 1 retries left.
2025-07-12 17:49:10.843813447 UTC eduteams-0.1.0 (buildPhase)> Progress: resolved [96m337[39m, reused [96m0[39m, downloaded [96m0[39m, added [96m0[39m
2025-07-12 17:49:10.844541139 UTC eduteams-0.1.0 (buildPhase)> [1A[43m[30m WARN [39m[49m GET https://registry.npmjs.org/@types/node/-/node-20.19.7.tgz error (EAI_AGAIN). Will retry in 1 minute. 1 retries left.
2025-07-12 17:49:10.844767079 UTC eduteams-0.1.0 (buildPhase)> Progress: resolved [96m337[39m, reused [96m0[39m, downloaded [96m0[39m, added [96m0[39m
2025-07-12 17:49:10.84533584 UTC eduteams-0.1.0 (buildPhase)> [1A[43m[30m WARN [39m[49m GET https://registry.npmjs.org/undici-types/-/undici-types-6.21.0.tgz error (EAI_AGAIN). Will retry in 1 minute. 1 retries left.
2025-07-12 17:49:10.84556856 UTC eduteams-0.1.0 (buildPhase)> Progress: resolved [96m337[39m, reused [96m0[39m, downloaded [96m0[39m, added [96m0[39m
2025-07-12 17:49:10.846081521 UTC eduteams-0.1.0 (buildPhase)> [1A[43m[30m WARN [39m[49m GET https://registry.npmjs.org/@types/react/-/react-19.1.8.tgz error (EAI_AGAIN). Will retry in 1 minute. 1 retries left.
2025-07-12 17:49:10.847315953 UTC eduteams-0.1.0 (buildPhase)> Progress: resolved [96m337[39m, reused [96m0[39m, downloaded [96m0[39m, added [96m0[39m
2025-07-12 17:49:10.847501794 UTC eduteams-0.1.0 (buildPhase)> [1A[43m[30m WARN [39m[49m GET https://registry.npmjs.org/csstype/-/csstype-3.1.3.tgz error (EAI_AGAIN). Will retry in 1 minute. 1 retries left.
2025-07-12 17:49:10.847678644 UTC eduteams-0.1.0 (buildPhase)> Progress: resolved [96m337[39m, reused [96m0[39m, downloaded [96m0[39m, added [96m0[39m
2025-07-12 17:49:10.847875275 UTC eduteams-0.1.0 (buildPhase)> [1A[43m[30m WARN [39m[49m GET https://registry.npmjs.org/@types/react-dom/-/react-dom-19.1.6.tgz error (EAI_AGAIN). Will retry in 1 minute. 1 retries left.
2025-07-12 17:49:10.848049115 UTC eduteams-0.1.0 (buildPhase)> Progress: resolved [96m337[39m, reused [96m0[39m, downloaded [96m0[39m, added [96m0[39m
2025-07-12 17:49:10.848308415 UTC eduteams-0.1.0 (buildPhase)> [1A[43m[30m WARN [39m[49m GET https://registry.npmjs.org/eslint/-/eslint-9.31.0.tgz error (EAI_AGAIN). Will retry in 1 minute. 1 retries left.
2025-07-12 17:49:10.848440706 UTC eduteams-0.1.0 (buildPhase)> Progress: resolved [96m337[39m, reused [96m0[39m, downloaded [96m0[39m, added [96m0[39m
2025-07-12 17:49:10.849111337 UTC eduteams-0.1.0 (buildPhase)> [1A[43m[30m WARN [39m[49m GET https://registry.npmjs.org/@eslint-community/eslint-utils/-/eslint-utils-4.7.0.tgz error (EAI_AGAIN). Will retry in 1 minute. 1 retries left.
2025-07-12 17:49:10.849263167 UTC eduteams-0.1.0 (buildPhase)> Progress: resolved [96m337[39m, reused [96m0[39m, downloaded [96m0[39m, added [96m0[39m
2025-07-12 17:49:10.854630657 UTC eduteams-0.1.0 (buildPhase)> [1A[43m[30m WARN [39m[49m GET https://registry.npmjs.org/eslint-visitor-keys/-/eslint-visitor-keys-3.4.3.tgz error (EAI_AGAIN). Will retry in 1 minute. 1 retries left.
2025-07-12 17:49:10.854839027 UTC eduteams-0.1.0 (buildPhase)> Progress: resolved [96m337[39m, reused [96m0[39m, downloaded [96m0[39m, added [96m0[39m
2025-07-12 17:50:10.837105534 UTC eduteams-0.1.0 (buildPhase)> [1A[43m[30m WARN [39m[49m GET https://registry.npmjs.org/@eslint-community/regexpp/-/regexpp-4.12.1.tgz error (EAI_AGAIN). Will retry in 10 seconds. 2 retries left.
2025-07-12 17:50:10.837558245 UTC eduteams-0.1.0 (buildPhase)> Progress: resolved [96m337[39m, reused [96m0[39m, downloaded [96m0[39m, added [96m0[39m
2025-07-12 17:50:10.837839666 UTC eduteams-0.1.0 (buildPhase)> [1A[43m[30m WARN [39m[49m GET https://registry.npmjs.org/@swc/counter/-/counter-0.1.3.tgz error (EAI_AGAIN). Will retry in 10 seconds. 2 retries left.
2025-07-12 17:50:10.838059576 UTC eduteams-0.1.0 (buildPhase)> Progress: resolved [96m337[39m, reused [96m0[39m, downloaded [96m0[39m, added [96m0[39m
2025-07-12 17:50:10.838422787 UTC eduteams-0.1.0 (buildPhase)> [1A[43m[30m WARN [39m[49m GET https://registry.npmjs.org/@swc/helpers/-/helpers-0.5.15.tgz error (EAI_AGAIN). Will retry in 10 seconds. 2 retries left.
2025-07-12 17:50:10.838632947 UTC eduteams-0.1.0 (buildPhase)> Progress: resolved [96m337[39m, reused [96m0[39m, downloaded [96m0[39m, added [96m0[39m
2025-07-12 17:50:10.931000594 UTC eduteams-0.1.0 (buildPhase)> [1A[43m[30m WARN [39m[49m GET https://registry.npmjs.org/tslib/-/tslib-2.8.1.tgz error (EAI_AGAIN). Will retry in 10 seconds. 2 retries left.
2025-07-12 17:50:10.931351255 UTC eduteams-0.1.0 (buildPhase)> Progress: resolved [96m337[39m, reused [96m0[39m, downloaded [96m0[39m, added [96m0[39m
2025-07-12 17:50:10.932549537 UTC eduteams-0.1.0 (buildPhase)> [1A[43m[30m WARN [39m[49m GET https://registry.npmjs.org/busboy/-/busboy-1.6.0.tgz error (EAI_AGAIN). Will retry in 10 seconds. 2 retries left.
2025-07-12 17:50:10.932926607 UTC eduteams-0.1.0 (buildPhase)> Progress: resolved [96m337[39m, reused [96m0[39m, downloaded [96m0[39m, added [96m0[39m
2025-07-12 17:50:10.933333078 UTC eduteams-0.1.0 (buildPhase)> [1A[43m[30m WARN [39m[49m GET https://registry.npmjs.org/streamsearch/-/streamsearch-1.1.0.tgz error (EAI_AGAIN). Will retry in 10 seconds. 2 retries left.
2025-07-12 17:50:10.933557699 UTC eduteams-0.1.0 (buildPhase)> Progress: resolved [96m337[39m, reused [96m0[39m, downloaded [96m0[39m, added [96m0[39m
2025-07-12 17:50:10.934010359 UTC eduteams-0.1.0 (buildPhase)> [1A[43m[30m WARN [39m[49m GET https://registry.npmjs.org/caniuse-lite/-/caniuse-lite-1.0.30001727.tgz error (EAI_AGAIN). Will retry in 10 seconds. 2 retries left.
2025-07-12 17:50:10.93422439 UTC eduteams-0.1.0 (buildPhase)> Progress: resolved [96m337[39m, reused [96m0[39m, downloaded [96m0[39m, added [96m0[39m
2025-07-12 17:50:10.935701423 UTC eduteams-0.1.0 (buildPhase)> [1A[43m[30m WARN [39m[49m GET https://registry.npmjs.org/postcss/-/postcss-8.4.31.tgz error (EAI_AGAIN). Will retry in 10 seconds. 2 retries left.
2025-07-12 17:50:10.936056963 UTC eduteams-0.1.0 (buildPhase)> Progress: resolved [96m337[39m, reused [96m0[39m, downloaded [96m0[39m, added [96m0[39m
2025-07-12 17:50:10.936875285 UTC eduteams-0.1.0 (buildPhase)> [1A[43m[30m WARN [39m[49m GET https://registry.npmjs.org/nanoid/-/nanoid-3.3.11.tgz error (EAI_AGAIN). Will retry in 10 seconds. 2 retries left.
2025-07-12 17:50:10.937143845 UTC eduteams-0.1.0 (buildPhase)> Progress: resolved [96m337[39m, reused [96m0[39m, downloaded [96m0[39m, added [96m0[39m
2025-07-12 17:50:10.937637526 UTC eduteams-0.1.0 (buildPhase)> [1A[43m[30m WARN [39m[49m GET https://registry.npmjs.org/picocolors/-/picocolors-1.1.1.tgz error (EAI_AGAIN). Will retry in 10 seconds. 2 retries left.
2025-07-12 17:50:10.937851976 UTC eduteams-0.1.0 (buildPhase)> Progress: resolved [96m337[39m, reused [96m0[39m, downloaded [96m0[39m, added [96m0[39m
2025-07-12 17:50:10.976654597 UTC eduteams-0.1.0 (buildPhase)> [1A[41m[30m EAI_AGAIN [39m[49m [31mrequest to https://registry.npmjs.org/@next/env/-/env-15.3.5.tgz failed, reason: getaddrinfo EAI_AGAIN registry.npmjs.org[39m
2025-07-12 17:50:10.977030697 UTC eduteams-0.1.0 (buildPhase)> 
2025-07-12 17:50:10.977396428 UTC eduteams-0.1.0 (buildPhase)> FetchError: request to https://registry.npmjs.org/@next/env/-/env-15.3.5.tgz failed, reason: getaddrinfo EAI_AGAIN registry.npmjs.org
2025-07-12 17:50:10.977694378 UTC eduteams-0.1.0 (buildPhase)>     at ClientRequest.<anonymous> (/nix/store/rsy1wbf1pcmfdzqygrhq06v6yqa0pxp6-pnpm-9.15.9/libexec/pnpm/dist/pnpm.cjs:67084:18)
2025-07-12 17:50:10.977925959 UTC eduteams-0.1.0 (buildPhase)>     at ClientRequest.emit (node:events:524:28)
2025-07-12 17:50:10.978207689 UTC eduteams-0.1.0 (buildPhase)>     at emitErrorEvent (node:_http_client:101:11)
2025-07-12 17:50:10.97853592 UTC eduteams-0.1.0 (buildPhase)>     at TLSSocket.socketErrorListener (node:_http_client:504:5)
2025-07-12 17:50:10.978863181 UTC eduteams-0.1.0 (buildPhase)>     at TLSSocket.emit (node:events:536:35)
2025-07-12 17:50:10.979101171 UTC eduteams-0.1.0 (buildPhase)>     at emitErrorNT (node:internal/streams/destroy:169:8)
2025-07-12 17:50:10.979314211 UTC eduteams-0.1.0 (buildPhase)>     at emitErrorCloseNT (node:internal/streams/destroy:128:3)
2025-07-12 17:50:10.979635702 UTC eduteams-0.1.0 (buildPhase)>     at process.processTicksAndRejections (node:internal/process/task_queues:82:21)
2025-07-12 17:50:10.979850022 UTC eduteams-0.1.0 (buildPhase)> Progress: resolved [96m337[39m, reused [96m0[39m, downloaded [96m0[39m, added [96m0[39m
2025-07-12 17:50:11.108592934 UTC> [31;1merror:[0m build of '[35;1m/nix/store/hs9f8h52awiqvjncqx6c8wss1jxzhw5p-eduteams-0.1.0.drv[0m' on '[35;1mssh-ng://nix-ssh@garnix5[0m' failed: [35;1m[0mbuilder for '[35;1m/nix/store/hs9f8h52awiqvjncqx6c8wss1jxzhw5p-eduteams-0.1.0.drv[0m' failed with exit code 1;
       last 25 log lines:
       > Progress: resolved [96m337[39m, reused [96m0[39m, downloaded [96m0[39m, added [96m0[39m
       > [1A[43m[30m WARN [39m[49m GET https://registry.npmjs.org/busboy/-/busboy-1.6.0.tgz error (EAI_AGAIN). Will retry in 10 seconds. 2 retries left.
       > Progress: resolved [96m337[39m, reused [96m0[39m, downloaded [96m0[39m, added [96m0[39m
       > [1A[43m[30m WARN [39m[49m GET https://registry.npmjs.org/streamsearch/-/streamsearch-1.1.0.tgz error (EAI_AGAIN). Will retry in 10 seconds. 2 retries left.
       > Progress: resolved [96m337[39m, reused [96m0[39m, downloaded [96m0[39m, added [96m0[39m
       > [1A[43m[30m WARN [39m[49m GET https://registry.npmjs.org/caniuse-lite/-/caniuse-lite-1.0.30001727.tgz error (EAI_AGAIN). Will retry in 10 seconds. 2 retries left.
       > Progress: resolved [96m337[39m, reused [96m0[39m, downloaded [96m0[39m, added [96m0[39m
       > [1A[43m[30m WARN [39m[49m GET https://registry.npmjs.org/postcss/-/postcss-8.4.31.tgz error (EAI_AGAIN). Will retry in 10 seconds. 2 retries left.
       > Progress: resolved [96m337[39m, reused [96m0[39m, downloaded [96m0[39m, added [96m0[39m
       > [1A[43m[30m WARN [39m[49m GET https://registry.npmjs.org/nanoid/-/nanoid-3.3.11.tgz error (EAI_AGAIN). Will retry in 10 seconds. 2 retries left.
       > Progress: resolved [96m337[39m, reused [96m0[39m, downloaded [96m0[39m, added [96m0[39m
       > [1A[43m[30m WARN [39m[49m GET https://registry.npmjs.org/picocolors/-/picocolors-1.1.1.tgz error (EAI_AGAIN). Will retry in 10 seconds. 2 retries left.
       > Progress: resolved [96m337[39m, reused [96m0[39m, downloaded [96m0[39m, added [96m0[39m
       > [1A[41m[30m EAI_AGAIN [39m[49m [31mrequest to https://registry.npmjs.org/@next/env/-/env-15.3.5.tgz failed, reason: getaddrinfo EAI_AGAIN registry.npmjs.org[39m
       >
       > FetchError: request to https://registry.npmjs.org/@next/env/-/env-15.3.5.tgz failed, reason: getaddrinfo EAI_AGAIN registry.npmjs.org
       >     at ClientRequest.<anonymous> (/nix/store/rsy1wbf1pcmfdzqygrhq06v6yqa0pxp6-pnpm-9.15.9/libexec/pnpm/dist/pnpm.cjs:67084:18)
       >     at ClientRequest.emit (node:events:524:28)
       >     at emitErrorEvent (node:_http_client:101:11)
       >     at TLSSocket.socketErrorListener (node:_http_client:504:5)
       >     at TLSSocket.emit (node:events:536:35)
       >     at emitErrorNT (node:internal/streams/destroy:169:8)
       >     at emitErrorCloseNT (node:internal/streams/destroy:128:3)
       >     at process.processTicksAndRejections (node:internal/process/task_queues:82:21)
       > Progress: resolved [96m337[39m, reused [96m0[39m, downloaded [96m0[39m, added [96m0[39m
       For full logs, run '[1mnix log /nix/store/hs9f8h52awiqvjncqx6c8wss1jxzhw5p-eduteams-0.1.0.drv[0m'.[0m
2025-07-12 17:50:11.113019782 UTC> [31;1merror:[0m [35;1m[0mbuilder for '[35;1m/nix/store/hs9f8h52awiqvjncqx6c8wss1jxzhw5p-eduteams-0.1.0.drv[0m' failed with exit code 1[0m
