2025-07-12 17:48:58.308490968 UTC> this derivation will be built:
2025-07-12 17:48:58.308817788 UTC>   /nix/store/nrcdkx1x4mrrk1zbj9h9fzxbdvqgznr2-eduteams-lint-0.1.0.drv
2025-07-12 17:49:00.31987231 UTC eduteams-lint-0.1.0> Running phase: unpackPhase
2025-07-12 17:49:00.326524522 UTC eduteams-lint-0.1.0 (unpackPhase)> unpacking source archive /nix/store/gi0icqx6s33v8jgj6hawrxwhf4a19zvg-05bp6wx08sizcq289fwxn5azizlazlhq-source
2025-07-12 17:49:00.347114889 UTC eduteams-lint-0.1.0 (unpackPhase)> source root is 05bp6wx08sizcq289fwxn5azizlazlhq-source
2025-07-12 17:49:00.359520821 UTC eduteams-lint-0.1.0 (unpackPhase)> Running phase: patchPhase
2025-07-12 17:49:00.367442605 UTC eduteams-lint-0.1.0 (patchPhase)> Running phase: updateAutotoolsGnuConfigScriptsPhase
2025-07-12 17:49:00.382501732 UTC eduteams-lint-0.1.0 (updateAutotoolsGnuConfigScriptsPhase)> Running phase: configurePhase
2025-07-12 17:49:00.402910449 UTC eduteams-lint-0.1.0 (configurePhase)> no configure script, doing nothing
2025-07-12 17:49:00.407047336 UTC eduteams-lint-0.1.0 (configurePhase)> Running phase: buildPhase
2025-07-12 17:49:01.045855093 UTC eduteams-lint-0.1.0 (buildPhase)> Lockfile is up to date, resolution step is skipped
2025-07-12 17:49:01.096680925 UTC eduteams-lint-0.1.0 (buildPhase)> Progress: resolved [96m1[39m, reused [96m0[39m, downloaded [96m0[39m, added [96m0[39m
2025-07-12 17:49:01.191965206 UTC eduteams-lint-0.1.0 (buildPhase)> [1APackages: [32m+337[39m[0K
2025-07-12 17:49:01.192661027 UTC eduteams-lint-0.1.0 (buildPhase)> 
2025-07-12 17:49:01.193116808 UTC eduteams-lint-0.1.0 (buildPhase)> Progress: resolved [96m1[39m, reused [96m0[39m, downloaded [96m0[39m, added [96m0[39m
2025-07-12 17:49:01.285066892 UTC eduteams-lint-0.1.0 (buildPhase)> [1A[43m[30m WARN [39m[49m GET https://registry.npmjs.org/@swc/helpers/-/helpers-0.5.15.tgz error (EAI_AGAIN). Will retry in 10 seconds. 2 retries left.
2025-07-12 17:49:01.285855654 UTC eduteams-lint-0.1.0 (buildPhase)> Progress: resolved [96m1[39m, reused [96m0[39m, downloaded [96m0[39m, added [96m0[39m
2025-07-12 17:49:01.286571535 UTC eduteams-lint-0.1.0 (buildPhase)> [1A[43m[30m WARN [39m[49m GET https://registry.npmjs.org/import-fresh/-/import-fresh-3.3.1.tgz error (EAI_AGAIN). Will retry in 10 seconds. 2 retries left.
2025-07-12 17:49:01.287180946 UTC eduteams-lint-0.1.0 (buildPhase)> Progress: resolved [96m1[39m, reused [96m0[39m, downloaded [96m0[39m, added [96m0[39m
2025-07-12 17:49:01.287644977 UTC eduteams-lint-0.1.0 (buildPhase)> [1A[43m[30m WARN [39m[49m GET https://registry.npmjs.org/parent-module/-/parent-module-1.0.1.tgz error (EAI_AGAIN). Will retry in 10 seconds. 2 retries left.
2025-07-12 17:49:01.288241848 UTC eduteams-lint-0.1.0 (buildPhase)> Progress: resolved [96m1[39m, reused [96m0[39m, downloaded [96m0[39m, added [96m0[39m
2025-07-12 17:49:01.288744379 UTC eduteams-lint-0.1.0 (buildPhase)> [1A[43m[30m WARN [39m[49m GET https://registry.npmjs.org/callsites/-/callsites-3.1.0.tgz error (EAI_AGAIN). Will retry in 10 seconds. 2 retries left.
2025-07-12 17:49:01.28921016 UTC eduteams-lint-0.1.0 (buildPhase)> Progress: resolved [96m1[39m, reused [96m0[39m, downloaded [96m0[39m, added [96m0[39m
2025-07-12 17:49:01.289887121 UTC eduteams-lint-0.1.0 (buildPhase)> [1A[43m[30m WARN [39m[49m GET https://registry.npmjs.org/resolve-from/-/resolve-from-4.0.0.tgz error (EAI_AGAIN). Will retry in 10 seconds. 2 retries left.
2025-07-12 17:49:01.290401092 UTC eduteams-lint-0.1.0 (buildPhase)> Progress: resolved [96m1[39m, reused [96m0[39m, downloaded [96m0[39m, added [96m0[39m
2025-07-12 17:49:01.290667753 UTC eduteams-lint-0.1.0 (buildPhase)> [1A[43m[30m WARN [39m[49m GET https://registry.npmjs.org/js-yaml/-/js-yaml-4.1.0.tgz error (EAI_AGAIN). Will retry in 10 seconds. 2 retries left.
2025-07-12 17:49:01.290891043 UTC eduteams-lint-0.1.0 (buildPhase)> Progress: resolved [96m1[39m, reused [96m0[39m, downloaded [96m0[39m, added [96m0[39m
2025-07-12 17:49:01.291141604 UTC eduteams-lint-0.1.0 (buildPhase)> [1A[43m[30m WARN [39m[49m GET https://registry.npmjs.org/argparse/-/argparse-2.0.1.tgz error (EAI_AGAIN). Will retry in 10 seconds. 2 retries left.
2025-07-12 17:49:01.291386664 UTC eduteams-lint-0.1.0 (buildPhase)> Progress: resolved [96m1[39m, reused [96m0[39m, downloaded [96m0[39m, added [96m0[39m
2025-07-12 17:49:01.291601975 UTC eduteams-lint-0.1.0 (buildPhase)> [1A[43m[30m WARN [39m[49m GET https://registry.npmjs.org/minimatch/-/minimatch-3.1.2.tgz error (EAI_AGAIN). Will retry in 10 seconds. 2 retries left.
2025-07-12 17:49:01.291807975 UTC eduteams-lint-0.1.0 (buildPhase)> Progress: resolved [96m1[39m, reused [96m0[39m, downloaded [96m0[39m, added [96m0[39m
2025-07-12 17:49:01.292208465 UTC eduteams-lint-0.1.0 (buildPhase)> [1A[43m[30m WARN [39m[49m GET https://registry.npmjs.org/brace-expansion/-/brace-expansion-1.1.12.tgz error (EAI_AGAIN). Will retry in 10 seconds. 2 retries left.
2025-07-12 17:49:01.292494366 UTC eduteams-lint-0.1.0 (buildPhase)> Progress: resolved [96m1[39m, reused [96m0[39m, downloaded [96m0[39m, added [96m0[39m
2025-07-12 17:49:01.292736857 UTC eduteams-lint-0.1.0 (buildPhase)> [1A[43m[30m WARN [39m[49m GET https://registry.npmjs.org/balanced-match/-/balanced-match-1.0.2.tgz error (EAI_AGAIN). Will retry in 10 seconds. 2 retries left.
2025-07-12 17:49:01.292970797 UTC eduteams-lint-0.1.0 (buildPhase)> Progress: resolved [96m1[39m, reused [96m0[39m, downloaded [96m0[39m, added [96m0[39m
2025-07-12 17:49:01.294219349 UTC eduteams-lint-0.1.0 (buildPhase)> [1A[43m[30m WARN [39m[49m GET https://registry.npmjs.org/concat-map/-/concat-map-0.0.1.tgz error (EAI_AGAIN). Will retry in 10 seconds. 2 retries left.
2025-07-12 17:49:01.294429829 UTC eduteams-lint-0.1.0 (buildPhase)> Progress: resolved [96m1[39m, reused [96m0[39m, downloaded [96m0[39m, added [96m0[39m
2025-07-12 17:49:01.29462162 UTC eduteams-lint-0.1.0 (buildPhase)> [1A[43m[30m WARN [39m[49m GET https://registry.npmjs.org/strip-json-comments/-/strip-json-comments-3.1.1.tgz error (EAI_AGAIN). Will retry in 10 seconds. 2 retries left.
2025-07-12 17:49:01.294792 UTC eduteams-lint-0.1.0 (buildPhase)> Progress: resolved [96m1[39m, reused [96m0[39m, downloaded [96m0[39m, added [96m0[39m
2025-07-12 17:49:01.294997701 UTC eduteams-lint-0.1.0 (buildPhase)> [1A[43m[30m WARN [39m[49m GET https://registry.npmjs.org/@tailwindcss/postcss/-/postcss-4.1.11.tgz error (EAI_AGAIN). Will retry in 10 seconds. 2 retries left.
2025-07-12 17:49:01.295166131 UTC eduteams-lint-0.1.0 (buildPhase)> Progress: resolved [96m1[39m, reused [96m0[39m, downloaded [96m0[39m, added [96m0[39m
2025-07-12 17:49:01.295332221 UTC eduteams-lint-0.1.0 (buildPhase)> [1A[43m[30m WARN [39m[49m GET https://registry.npmjs.org/@alloc/quick-lru/-/quick-lru-5.2.0.tgz error (EAI_AGAIN). Will retry in 10 seconds. 2 retries left.
2025-07-12 17:49:01.295508302 UTC eduteams-lint-0.1.0 (buildPhase)> Progress: resolved [96m1[39m, reused [96m0[39m, downloaded [96m0[39m, added [96m0[39m
2025-07-12 17:49:01.295693702 UTC eduteams-lint-0.1.0 (buildPhase)> [1A[43m[30m WARN [39m[49m GET https://registry.npmjs.org/@tailwindcss/node/-/node-4.1.11.tgz error (EAI_AGAIN). Will retry in 10 seconds. 2 retries left.
2025-07-12 17:49:01.295880572 UTC eduteams-lint-0.1.0 (buildPhase)> Progress: resolved [96m1[39m, reused [96m0[39m, downloaded [96m0[39m, added [96m0[39m
2025-07-12 17:49:01.296063232 UTC eduteams-lint-0.1.0 (buildPhase)> [1A[43m[30m WARN [39m[49m GET https://registry.npmjs.org/@ampproject/remapping/-/remapping-2.3.0.tgz error (EAI_AGAIN). Will retry in 10 seconds. 2 retries left.
2025-07-12 17:49:01.296228763 UTC eduteams-lint-0.1.0 (buildPhase)> Progress: resolved [96m1[39m, reused [96m0[39m, downloaded [96m0[39m, added [96m0[39m
2025-07-12 17:49:01.296407093 UTC eduteams-lint-0.1.0 (buildPhase)> [1A[43m[30m WARN [39m[49m GET https://registry.npmjs.org/@jridgewell/gen-mapping/-/gen-mapping-0.3.12.tgz error (EAI_AGAIN). Will retry in 10 seconds. 2 retries left.
2025-07-12 17:49:01.296598553 UTC eduteams-lint-0.1.0 (buildPhase)> Progress: resolved [96m1[39m, reused [96m0[39m, downloaded [96m0[39m, added [96m0[39m
2025-07-12 17:49:01.296826644 UTC eduteams-lint-0.1.0 (buildPhase)> [1A[43m[30m WARN [39m[49m GET https://registry.npmjs.org/@jridgewell/sourcemap-codec/-/sourcemap-codec-1.5.4.tgz error (EAI_AGAIN). Will retry in 10 seconds. 2 retries left.
2025-07-12 17:49:01.296999094 UTC eduteams-lint-0.1.0 (buildPhase)> Progress: resolved [96m1[39m, reused [96m0[39m, downloaded [96m0[39m, added [96m0[39m
2025-07-12 17:49:01.297162714 UTC eduteams-lint-0.1.0 (buildPhase)> [1A[43m[30m WARN [39m[49m GET https://registry.npmjs.org/@jridgewell/trace-mapping/-/trace-mapping-0.3.29.tgz error (EAI_AGAIN). Will retry in 10 seconds. 2 retries left.
2025-07-12 17:49:01.297340785 UTC eduteams-lint-0.1.0 (buildPhase)> Progress: resolved [96m1[39m, reused [96m0[39m, downloaded [96m0[39m, added [96m0[39m
2025-07-12 17:49:01.297519305 UTC eduteams-lint-0.1.0 (buildPhase)> [1A[43m[30m WARN [39m[49m GET https://registry.npmjs.org/@jridgewell/resolve-uri/-/resolve-uri-3.1.2.tgz error (EAI_AGAIN). Will retry in 10 seconds. 2 retries left.
2025-07-12 17:49:01.297694935 UTC eduteams-lint-0.1.0 (buildPhase)> Progress: resolved [96m1[39m, reused [96m0[39m, downloaded [96m0[39m, added [96m0[39m
2025-07-12 17:49:01.297871676 UTC eduteams-lint-0.1.0 (buildPhase)> [1A[43m[30m WARN [39m[49m GET https://registry.npmjs.org/enhanced-resolve/-/enhanced-resolve-5.18.2.tgz error (EAI_AGAIN). Will retry in 10 seconds. 2 retries left.
2025-07-12 17:49:01.298049226 UTC eduteams-lint-0.1.0 (buildPhase)> Progress: resolved [96m1[39m, reused [96m0[39m, downloaded [96m0[39m, added [96m0[39m
2025-07-12 17:49:01.298203416 UTC eduteams-lint-0.1.0 (buildPhase)> [1A[43m[30m WARN [39m[49m GET https://registry.npmjs.org/graceful-fs/-/graceful-fs-4.2.11.tgz error (EAI_AGAIN). Will retry in 10 seconds. 2 retries left.
2025-07-12 17:49:01.298372536 UTC eduteams-lint-0.1.0 (buildPhase)> Progress: resolved [96m1[39m, reused [96m0[39m, downloaded [96m0[39m, added [96m0[39m
2025-07-12 17:49:01.298561867 UTC eduteams-lint-0.1.0 (buildPhase)> [1A[43m[30m WARN [39m[49m GET https://registry.npmjs.org/tapable/-/tapable-2.2.2.tgz error (EAI_AGAIN). Will retry in 10 seconds. 2 retries left.
2025-07-12 17:49:01.298726757 UTC eduteams-lint-0.1.0 (buildPhase)> Progress: resolved [96m1[39m, reused [96m0[39m, downloaded [96m0[39m, added [96m0[39m
2025-07-12 17:49:01.298887188 UTC eduteams-lint-0.1.0 (buildPhase)> [1A[43m[30m WARN [39m[49m GET https://registry.npmjs.org/jiti/-/jiti-2.4.2.tgz error (EAI_AGAIN). Will retry in 10 seconds. 2 retries left.
2025-07-12 17:49:01.299056428 UTC eduteams-lint-0.1.0 (buildPhase)> Progress: resolved [96m1[39m, reused [96m0[39m, downloaded [96m0[39m, added [96m0[39m
2025-07-12 17:49:01.299244558 UTC eduteams-lint-0.1.0 (buildPhase)> [1A[43m[30m WARN [39m[49m GET https://registry.npmjs.org/lightningcss/-/lightningcss-1.30.1.tgz error (EAI_AGAIN). Will retry in 10 seconds. 2 retries left.
2025-07-12 17:49:01.299434838 UTC eduteams-lint-0.1.0 (buildPhase)> Progress: resolved [96m1[39m, reused [96m0[39m, downloaded [96m0[39m, added [96m0[39m
2025-07-12 17:49:01.299615409 UTC eduteams-lint-0.1.0 (buildPhase)> [1A[43m[30m WARN [39m[49m GET https://registry.npmjs.org/lightningcss-linux-x64-gnu/-/lightningcss-linux-x64-gnu-1.30.1.tgz error (EAI_AGAIN). Will retry in 10 seconds. 2 retries left.
2025-07-12 17:49:01.299791299 UTC eduteams-lint-0.1.0 (buildPhase)> Progress: resolved [96m1[39m, reused [96m0[39m, downloaded [96m0[39m, added [96m0[39m
2025-07-12 17:49:01.29998279 UTC eduteams-lint-0.1.0 (buildPhase)> [1A[43m[30m WARN [39m[49m GET https://registry.npmjs.org/lightningcss-linux-x64-musl/-/lightningcss-linux-x64-musl-1.30.1.tgz error (EAI_AGAIN). Will retry in 10 seconds. 2 retries left.
2025-07-12 17:49:01.30016997 UTC eduteams-lint-0.1.0 (buildPhase)> Progress: resolved [96m1[39m, reused [96m0[39m, downloaded [96m0[39m, added [96m0[39m
2025-07-12 17:49:01.30034703 UTC eduteams-lint-0.1.0 (buildPhase)> [1A[43m[30m WARN [39m[49m GET https://registry.npmjs.org/magic-string/-/magic-string-0.30.17.tgz error (EAI_AGAIN). Will retry in 10 seconds. 2 retries left.
2025-07-12 17:49:01.30052204 UTC eduteams-lint-0.1.0 (buildPhase)> Progress: resolved [96m1[39m, reused [96m0[39m, downloaded [96m0[39m, added [96m0[39m
2025-07-12 17:49:01.300709741 UTC eduteams-lint-0.1.0 (buildPhase)> [1A[43m[30m WARN [39m[49m GET https://registry.npmjs.org/tailwindcss/-/tailwindcss-4.1.11.tgz error (EAI_AGAIN). Will retry in 10 seconds. 2 retries left.
2025-07-12 17:49:01.300882681 UTC eduteams-lint-0.1.0 (buildPhase)> Progress: resolved [96m1[39m, reused [96m0[39m, downloaded [96m0[39m, added [96m0[39m
2025-07-12 17:49:01.305495729 UTC eduteams-lint-0.1.0 (buildPhase)> [1A[43m[30m WARN [39m[49m GET https://registry.npmjs.org/@tailwindcss/oxide/-/oxide-4.1.11.tgz error (EAI_AGAIN). Will retry in 10 seconds. 2 retries left.
2025-07-12 17:49:01.30567414 UTC eduteams-lint-0.1.0 (buildPhase)> Progress: resolved [96m1[39m, reused [96m0[39m, downloaded [96m0[39m, added [96m0[39m
2025-07-12 17:49:01.306242591 UTC eduteams-lint-0.1.0 (buildPhase)> [1A[43m[30m WARN [39m[49m GET https://registry.npmjs.org/tar/-/tar-7.4.3.tgz error (EAI_AGAIN). Will retry in 10 seconds. 2 retries left.
2025-07-12 17:49:01.306443021 UTC eduteams-lint-0.1.0 (buildPhase)> Progress: resolved [96m1[39m, reused [96m0[39m, downloaded [96m0[39m, added [96m0[39m
2025-07-12 17:49:01.307001662 UTC eduteams-lint-0.1.0 (buildPhase)> [1A[43m[30m WARN [39m[49m GET https://registry.npmjs.org/@isaacs/fs-minipass/-/fs-minipass-4.0.1.tgz error (EAI_AGAIN). Will retry in 10 seconds. 2 retries left.
2025-07-12 17:49:01.307239723 UTC eduteams-lint-0.1.0 (buildPhase)> Progress: resolved [96m1[39m, reused [96m0[39m, downloaded [96m0[39m, added [96m0[39m
2025-07-12 17:49:01.307804284 UTC eduteams-lint-0.1.0 (buildPhase)> [1A[43m[30m WARN [39m[49m GET https://registry.npmjs.org/minipass/-/minipass-7.1.2.tgz error (EAI_AGAIN). Will retry in 10 seconds. 2 retries left.
2025-07-12 17:49:01.308031614 UTC eduteams-lint-0.1.0 (buildPhase)> Progress: resolved [96m1[39m, reused [96m0[39m, downloaded [96m0[39m, added [96m0[39m
2025-07-12 17:49:01.308616645 UTC eduteams-lint-0.1.0 (buildPhase)> [1A[43m[30m WARN [39m[49m GET https://registry.npmjs.org/chownr/-/chownr-3.0.0.tgz error (EAI_AGAIN). Will retry in 10 seconds. 2 retries left.
2025-07-12 17:49:01.308809815 UTC eduteams-lint-0.1.0 (buildPhase)> Progress: resolved [96m1[39m, reused [96m0[39m, downloaded [96m0[39m, added [96m0[39m
2025-07-12 17:49:01.309604287 UTC eduteams-lint-0.1.0 (buildPhase)> [1A[43m[30m WARN [39m[49m GET https://registry.npmjs.org/minizlib/-/minizlib-3.0.2.tgz error (EAI_AGAIN). Will retry in 10 seconds. 2 retries left.
2025-07-12 17:49:01.309811657 UTC eduteams-lint-0.1.0 (buildPhase)> Progress: resolved [96m1[39m, reused [96m0[39m, downloaded [96m0[39m, added [96m0[39m
2025-07-12 17:49:01.310201498 UTC eduteams-lint-0.1.0 (buildPhase)> [1A[43m[30m WARN [39m[49m GET https://registry.npmjs.org/mkdirp/-/mkdirp-3.0.1.tgz error (EAI_AGAIN). Will retry in 10 seconds. 2 retries left.
2025-07-12 17:49:01.310431018 UTC eduteams-lint-0.1.0 (buildPhase)> Progress: resolved [96m1[39m, reused [96m0[39m, downloaded [96m0[39m, added [96m0[39m
2025-07-12 17:49:01.310681919 UTC eduteams-lint-0.1.0 (buildPhase)> [1A[43m[30m WARN [39m[49m GET https://registry.npmjs.org/yallist/-/yallist-5.0.0.tgz error (EAI_AGAIN). Will retry in 10 seconds. 2 retries left.
2025-07-12 17:49:01.310910159 UTC eduteams-lint-0.1.0 (buildPhase)> Progress: resolved [96m1[39m, reused [96m0[39m, downloaded [96m0[39m, added [96m0[39m
2025-07-12 17:49:01.311165359 UTC eduteams-lint-0.1.0 (buildPhase)> [1A[43m[30m WARN [39m[49m GET https://registry.npmjs.org/@tailwindcss/oxide-linux-x64-gnu/-/oxide-linux-x64-gnu-4.1.11.tgz error (EAI_AGAIN). Will retry in 10 seconds. 2 retries left.
2025-07-12 17:49:01.3113814 UTC eduteams-lint-0.1.0 (buildPhase)> Progress: resolved [96m1[39m, reused [96m0[39m, downloaded [96m0[39m, added [96m0[39m
2025-07-12 17:49:01.31157747 UTC eduteams-lint-0.1.0 (buildPhase)> [1A[43m[30m WARN [39m[49m GET https://registry.npmjs.org/@tailwindcss/oxide-linux-x64-musl/-/oxide-linux-x64-musl-4.1.11.tgz error (EAI_AGAIN). Will retry in 10 seconds. 2 retries left.
2025-07-12 17:49:01.311751811 UTC eduteams-lint-0.1.0 (buildPhase)> Progress: resolved [96m1[39m, reused [96m0[39m, downloaded [96m0[39m, added [96m0[39m
2025-07-12 17:49:01.311967331 UTC eduteams-lint-0.1.0 (buildPhase)> [1A[43m[30m WARN [39m[49m GET https://registry.npmjs.org/postcss/-/postcss-8.5.6.tgz error (EAI_AGAIN). Will retry in 10 seconds. 2 retries left.
2025-07-12 17:49:01.312178711 UTC eduteams-lint-0.1.0 (buildPhase)> Progress: resolved [96m1[39m, reused [96m0[39m, downloaded [96m0[39m, added [96m0[39m
2025-07-12 17:49:01.312414522 UTC eduteams-lint-0.1.0 (buildPhase)> [1A[43m[30m WARN [39m[49m GET https://registry.npmjs.org/@types/node/-/node-20.19.7.tgz error (EAI_AGAIN). Will retry in 10 seconds. 2 retries left.
2025-07-12 17:49:01.312621792 UTC eduteams-lint-0.1.0 (buildPhase)> Progress: resolved [96m1[39m, reused [96m0[39m, downloaded [96m0[39m, added [96m0[39m
2025-07-12 17:49:01.312821742 UTC eduteams-lint-0.1.0 (buildPhase)> [1A[43m[30m WARN [39m[49m GET https://registry.npmjs.org/undici-types/-/undici-types-6.21.0.tgz error (EAI_AGAIN). Will retry in 10 seconds. 2 retries left.
2025-07-12 17:49:01.313003293 UTC eduteams-lint-0.1.0 (buildPhase)> Progress: resolved [96m1[39m, reused [96m0[39m, downloaded [96m0[39m, added [96m0[39m
2025-07-12 17:49:01.313186003 UTC eduteams-lint-0.1.0 (buildPhase)> [1A[43m[30m WARN [39m[49m GET https://registry.npmjs.org/@types/react/-/react-19.1.8.tgz error (EAI_AGAIN). Will retry in 10 seconds. 2 retries left.
2025-07-12 17:49:01.313383824 UTC eduteams-lint-0.1.0 (buildPhase)> Progress: resolved [96m1[39m, reused [96m0[39m, downloaded [96m0[39m, added [96m0[39m
2025-07-12 17:49:01.313587294 UTC eduteams-lint-0.1.0 (buildPhase)> [1A[43m[30m WARN [39m[49m GET https://registry.npmjs.org/csstype/-/csstype-3.1.3.tgz error (EAI_AGAIN). Will retry in 10 seconds. 2 retries left.
2025-07-12 17:49:01.313775644 UTC eduteams-lint-0.1.0 (buildPhase)> Progress: resolved [96m1[39m, reused [96m0[39m, downloaded [96m0[39m, added [96m0[39m
2025-07-12 17:49:01.313975365 UTC eduteams-lint-0.1.0 (buildPhase)> [1A[43m[30m WARN [39m[49m GET https://registry.npmjs.org/@types/react-dom/-/react-dom-19.1.6.tgz error (EAI_AGAIN). Will retry in 10 seconds. 2 retries left.
2025-07-12 17:49:01.314208675 UTC eduteams-lint-0.1.0 (buildPhase)> Progress: resolved [96m1[39m, reused [96m0[39m, downloaded [96m0[39m, added [96m0[39m
2025-07-12 17:49:01.314451965 UTC eduteams-lint-0.1.0 (buildPhase)> [1A[43m[30m WARN [39m[49m GET https://registry.npmjs.org/eslint/-/eslint-9.31.0.tgz error (EAI_AGAIN). Will retry in 10 seconds. 2 retries left.
2025-07-12 17:49:01.314644216 UTC eduteams-lint-0.1.0 (buildPhase)> Progress: resolved [96m1[39m, reused [96m0[39m, downloaded [96m0[39m, added [96m0[39m
2025-07-12 17:49:01.314816256 UTC eduteams-lint-0.1.0 (buildPhase)> [1A[43m[30m WARN [39m[49m GET https://registry.npmjs.org/@eslint-community/eslint-utils/-/eslint-utils-4.7.0.tgz error (EAI_AGAIN). Will retry in 10 seconds. 2 retries left.
2025-07-12 17:49:01.314996846 UTC eduteams-lint-0.1.0 (buildPhase)> Progress: resolved [96m1[39m, reused [96m0[39m, downloaded [96m0[39m, added [96m0[39m
2025-07-12 17:49:01.315195437 UTC eduteams-lint-0.1.0 (buildPhase)> [1A[43m[30m WARN [39m[49m GET https://registry.npmjs.org/eslint-visitor-keys/-/eslint-visitor-keys-3.4.3.tgz error (EAI_AGAIN). Will retry in 10 seconds. 2 retries left.
2025-07-12 17:49:01.315431137 UTC eduteams-lint-0.1.0 (buildPhase)> Progress: resolved [96m1[39m, reused [96m0[39m, downloaded [96m0[39m, added [96m0[39m
2025-07-12 17:49:01.320071315 UTC eduteams-lint-0.1.0 (buildPhase)> [1AProgress: resolved [96m337[39m, reused [96m0[39m, downloaded [96m0[39m, added [96m0[39m
2025-07-12 17:49:11.291678852 UTC eduteams-lint-0.1.0 (buildPhase)> [1A[43m[30m WARN [39m[49m GET https://registry.npmjs.org/@swc/helpers/-/helpers-0.5.15.tgz error (EAI_AGAIN). Will retry in 1 minute. 1 retries left.
2025-07-12 17:49:11.292061603 UTC eduteams-lint-0.1.0 (buildPhase)> Progress: resolved [96m337[39m, reused [96m0[39m, downloaded [96m0[39m, added [96m0[39m
2025-07-12 17:49:11.292450104 UTC eduteams-lint-0.1.0 (buildPhase)> [1A[43m[30m WARN [39m[49m GET https://registry.npmjs.org/import-fresh/-/import-fresh-3.3.1.tgz error (EAI_AGAIN). Will retry in 1 minute. 1 retries left.
2025-07-12 17:49:11.292652524 UTC eduteams-lint-0.1.0 (buildPhase)> Progress: resolved [96m337[39m, reused [96m0[39m, downloaded [96m0[39m, added [96m0[39m
2025-07-12 17:49:11.300147138 UTC eduteams-lint-0.1.0 (buildPhase)> [1A[43m[30m WARN [39m[49m GET https://registry.npmjs.org/parent-module/-/parent-module-1.0.1.tgz error (EAI_AGAIN). Will retry in 1 minute. 1 retries left.
2025-07-12 17:49:11.300586268 UTC eduteams-lint-0.1.0 (buildPhase)> Progress: resolved [96m337[39m, reused [96m0[39m, downloaded [96m0[39m, added [96m0[39m
2025-07-12 17:49:11.300805919 UTC eduteams-lint-0.1.0 (buildPhase)> [1A[43m[30m WARN [39m[49m GET https://registry.npmjs.org/callsites/-/callsites-3.1.0.tgz error (EAI_AGAIN). Will retry in 1 minute. 1 retries left.
2025-07-12 17:49:11.301031619 UTC eduteams-lint-0.1.0 (buildPhase)> Progress: resolved [96m337[39m, reused [96m0[39m, downloaded [96m0[39m, added [96m0[39m
2025-07-12 17:49:11.30141164 UTC eduteams-lint-0.1.0 (buildPhase)> [1A[43m[30m WARN [39m[49m GET https://registry.npmjs.org/resolve-from/-/resolve-from-4.0.0.tgz error (EAI_AGAIN). Will retry in 1 minute. 1 retries left.
2025-07-12 17:49:11.30169354 UTC eduteams-lint-0.1.0 (buildPhase)> Progress: resolved [96m337[39m, reused [96m0[39m, downloaded [96m0[39m, added [96m0[39m
2025-07-12 17:49:11.301903651 UTC eduteams-lint-0.1.0 (buildPhase)> [1A[43m[30m WARN [39m[49m GET https://registry.npmjs.org/js-yaml/-/js-yaml-4.1.0.tgz error (EAI_AGAIN). Will retry in 1 minute. 1 retries left.
2025-07-12 17:49:11.302082271 UTC eduteams-lint-0.1.0 (buildPhase)> Progress: resolved [96m337[39m, reused [96m0[39m, downloaded [96m0[39m, added [96m0[39m
2025-07-12 17:49:11.302284131 UTC eduteams-lint-0.1.0 (buildPhase)> [1A[43m[30m WARN [39m[49m GET https://registry.npmjs.org/argparse/-/argparse-2.0.1.tgz error (EAI_AGAIN). Will retry in 1 minute. 1 retries left.
2025-07-12 17:49:11.302515322 UTC eduteams-lint-0.1.0 (buildPhase)> Progress: resolved [96m337[39m, reused [96m0[39m, downloaded [96m0[39m, added [96m0[39m
2025-07-12 17:49:11.302713452 UTC eduteams-lint-0.1.0 (buildPhase)> [1A[43m[30m WARN [39m[49m GET https://registry.npmjs.org/minimatch/-/minimatch-3.1.2.tgz error (EAI_AGAIN). Will retry in 1 minute. 1 retries left.
2025-07-12 17:49:11.302938363 UTC eduteams-lint-0.1.0 (buildPhase)> Progress: resolved [96m337[39m, reused [96m0[39m, downloaded [96m0[39m, added [96m0[39m
2025-07-12 17:49:11.303269333 UTC eduteams-lint-0.1.0 (buildPhase)> [1A[43m[30m WARN [39m[49m GET https://registry.npmjs.org/brace-expansion/-/brace-expansion-1.1.12.tgz error (EAI_AGAIN). Will retry in 1 minute. 1 retries left.
2025-07-12 17:49:11.303513164 UTC eduteams-lint-0.1.0 (buildPhase)> Progress: resolved [96m337[39m, reused [96m0[39m, downloaded [96m0[39m, added [96m0[39m
2025-07-12 17:49:11.303749364 UTC eduteams-lint-0.1.0 (buildPhase)> [1A[43m[30m WARN [39m[49m GET https://registry.npmjs.org/balanced-match/-/balanced-match-1.0.2.tgz error (EAI_AGAIN). Will retry in 1 minute. 1 retries left.
2025-07-12 17:49:11.304117725 UTC eduteams-lint-0.1.0 (buildPhase)> Progress: resolved [96m337[39m, reused [96m0[39m, downloaded [96m0[39m, added [96m0[39m
2025-07-12 17:49:11.321825965 UTC eduteams-lint-0.1.0 (buildPhase)> [1A[43m[30m WARN [39m[49m GET https://registry.npmjs.org/concat-map/-/concat-map-0.0.1.tgz error (EAI_AGAIN). Will retry in 1 minute. 1 retries left.
2025-07-12 17:49:11.322100166 UTC eduteams-lint-0.1.0 (buildPhase)> Progress: resolved [96m337[39m, reused [96m0[39m, downloaded [96m0[39m, added [96m0[39m
2025-07-12 17:49:11.322345577 UTC eduteams-lint-0.1.0 (buildPhase)> [1A[43m[30m WARN [39m[49m GET https://registry.npmjs.org/strip-json-comments/-/strip-json-comments-3.1.1.tgz error (EAI_AGAIN). Will retry in 1 minute. 1 retries left.
2025-07-12 17:49:11.322647227 UTC eduteams-lint-0.1.0 (buildPhase)> Progress: resolved [96m337[39m, reused [96m0[39m, downloaded [96m0[39m, added [96m0[39m
2025-07-12 17:49:11.322921767 UTC eduteams-lint-0.1.0 (buildPhase)> [1A[43m[30m WARN [39m[49m GET https://registry.npmjs.org/@tailwindcss/postcss/-/postcss-4.1.11.tgz error (EAI_AGAIN). Will retry in 1 minute. 1 retries left.
2025-07-12 17:49:11.323138368 UTC eduteams-lint-0.1.0 (buildPhase)> Progress: resolved [96m337[39m, reused [96m0[39m, downloaded [96m0[39m, added [96m0[39m
2025-07-12 17:49:11.323576599 UTC eduteams-lint-0.1.0 (buildPhase)> [1A[43m[30m WARN [39m[49m GET https://registry.npmjs.org/@alloc/quick-lru/-/quick-lru-5.2.0.tgz error (EAI_AGAIN). Will retry in 1 minute. 1 retries left.
2025-07-12 17:49:11.323770799 UTC eduteams-lint-0.1.0 (buildPhase)> Progress: resolved [96m337[39m, reused [96m0[39m, downloaded [96m0[39m, added [96m0[39m
2025-07-12 17:49:11.32396698 UTC eduteams-lint-0.1.0 (buildPhase)> [1A[43m[30m WARN [39m[49m GET https://registry.npmjs.org/@tailwindcss/node/-/node-4.1.11.tgz error (EAI_AGAIN). Will retry in 1 minute. 1 retries left.
2025-07-12 17:49:11.32419187 UTC eduteams-lint-0.1.0 (buildPhase)> Progress: resolved [96m337[39m, reused [96m0[39m, downloaded [96m0[39m, added [96m0[39m
2025-07-12 17:49:11.32454501 UTC eduteams-lint-0.1.0 (buildPhase)> [1A[43m[30m WARN [39m[49m GET https://registry.npmjs.org/@ampproject/remapping/-/remapping-2.3.0.tgz error (EAI_AGAIN). Will retry in 1 minute. 1 retries left.
2025-07-12 17:49:11.324685961 UTC eduteams-lint-0.1.0 (buildPhase)> Progress: resolved [96m337[39m, reused [96m0[39m, downloaded [96m0[39m, added [96m0[39m
2025-07-12 17:49:11.325037741 UTC eduteams-lint-0.1.0 (buildPhase)> [1A[43m[30m WARN [39m[49m GET https://registry.npmjs.org/@jridgewell/gen-mapping/-/gen-mapping-0.3.12.tgz error (EAI_AGAIN). Will retry in 1 minute. 1 retries left.
2025-07-12 17:49:11.325256872 UTC eduteams-lint-0.1.0 (buildPhase)> Progress: resolved [96m337[39m, reused [96m0[39m, downloaded [96m0[39m, added [96m0[39m
2025-07-12 17:49:11.325667352 UTC eduteams-lint-0.1.0 (buildPhase)> [1A[43m[30m WARN [39m[49m GET https://registry.npmjs.org/@jridgewell/sourcemap-codec/-/sourcemap-codec-1.5.4.tgz error (EAI_AGAIN). Will retry in 1 minute. 1 retries left.
2025-07-12 17:49:11.325883733 UTC eduteams-lint-0.1.0 (buildPhase)> Progress: resolved [96m337[39m, reused [96m0[39m, downloaded [96m0[39m, added [96m0[39m
2025-07-12 17:49:11.326280204 UTC eduteams-lint-0.1.0 (buildPhase)> [1A[43m[30m WARN [39m[49m GET https://registry.npmjs.org/@jridgewell/trace-mapping/-/trace-mapping-0.3.29.tgz error (EAI_AGAIN). Will retry in 1 minute. 1 retries left.
2025-07-12 17:49:11.326503524 UTC eduteams-lint-0.1.0 (buildPhase)> Progress: resolved [96m337[39m, reused [96m0[39m, downloaded [96m0[39m, added [96m0[39m
2025-07-12 17:49:11.327048895 UTC eduteams-lint-0.1.0 (buildPhase)> [1A[43m[30m WARN [39m[49m GET https://registry.npmjs.org/@jridgewell/resolve-uri/-/resolve-uri-3.1.2.tgz error (EAI_AGAIN). Will retry in 1 minute. 1 retries left.
2025-07-12 17:49:11.327263166 UTC eduteams-lint-0.1.0 (buildPhase)> Progress: resolved [96m337[39m, reused [96m0[39m, downloaded [96m0[39m, added [96m0[39m
2025-07-12 17:49:11.327696326 UTC eduteams-lint-0.1.0 (buildPhase)> [1A[43m[30m WARN [39m[49m GET https://registry.npmjs.org/enhanced-resolve/-/enhanced-resolve-5.18.2.tgz error (EAI_AGAIN). Will retry in 1 minute. 1 retries left.
2025-07-12 17:49:11.327909347 UTC eduteams-lint-0.1.0 (buildPhase)> Progress: resolved [96m337[39m, reused [96m0[39m, downloaded [96m0[39m, added [96m0[39m
2025-07-12 17:49:11.328451498 UTC eduteams-lint-0.1.0 (buildPhase)> [1A[43m[30m WARN [39m[49m GET https://registry.npmjs.org/graceful-fs/-/graceful-fs-4.2.11.tgz error (EAI_AGAIN). Will retry in 1 minute. 1 retries left.
2025-07-12 17:49:11.328647468 UTC eduteams-lint-0.1.0 (buildPhase)> Progress: resolved [96m337[39m, reused [96m0[39m, downloaded [96m0[39m, added [96m0[39m
2025-07-12 17:49:11.329020699 UTC eduteams-lint-0.1.0 (buildPhase)> [1A[43m[30m WARN [39m[49m GET https://registry.npmjs.org/tapable/-/tapable-2.2.2.tgz error (EAI_AGAIN). Will retry in 1 minute. 1 retries left.
2025-07-12 17:49:11.329300189 UTC eduteams-lint-0.1.0 (buildPhase)> Progress: resolved [96m337[39m, reused [96m0[39m, downloaded [96m0[39m, added [96m0[39m
2025-07-12 17:49:11.3296935 UTC eduteams-lint-0.1.0 (buildPhase)> [1A[43m[30m WARN [39m[49m GET https://registry.npmjs.org/jiti/-/jiti-2.4.2.tgz error (EAI_AGAIN). Will retry in 1 minute. 1 retries left.
2025-07-12 17:49:11.32990391 UTC eduteams-lint-0.1.0 (buildPhase)> Progress: resolved [96m337[39m, reused [96m0[39m, downloaded [96m0[39m, added [96m0[39m
2025-07-12 17:49:11.330321351 UTC eduteams-lint-0.1.0 (buildPhase)> [1A[43m[30m WARN [39m[49m GET https://registry.npmjs.org/lightningcss/-/lightningcss-1.30.1.tgz error (EAI_AGAIN). Will retry in 1 minute. 1 retries left.
2025-07-12 17:49:11.330533072 UTC eduteams-lint-0.1.0 (buildPhase)> Progress: resolved [96m337[39m, reused [96m0[39m, downloaded [96m0[39m, added [96m0[39m
2025-07-12 17:49:11.330791872 UTC eduteams-lint-0.1.0 (buildPhase)> [1A[43m[30m WARN [39m[49m GET https://registry.npmjs.org/lightningcss-linux-x64-gnu/-/lightningcss-linux-x64-gnu-1.30.1.tgz error (EAI_AGAIN). Will retry in 1 minute. 1 retries left.
2025-07-12 17:49:11.330991812 UTC eduteams-lint-0.1.0 (buildPhase)> Progress: resolved [96m337[39m, reused [96m0[39m, downloaded [96m0[39m, added [96m0[39m
2025-07-12 17:49:11.331464693 UTC eduteams-lint-0.1.0 (buildPhase)> [1A[43m[30m WARN [39m[49m GET https://registry.npmjs.org/lightningcss-linux-x64-musl/-/lightningcss-linux-x64-musl-1.30.1.tgz error (EAI_AGAIN). Will retry in 1 minute. 1 retries left.
2025-07-12 17:49:11.331670383 UTC eduteams-lint-0.1.0 (buildPhase)> Progress: resolved [96m337[39m, reused [96m0[39m, downloaded [96m0[39m, added [96m0[39m
2025-07-12 17:49:11.332109194 UTC eduteams-lint-0.1.0 (buildPhase)> [1A[43m[30m WARN [39m[49m GET https://registry.npmjs.org/magic-string/-/magic-string-0.30.17.tgz error (EAI_AGAIN). Will retry in 1 minute. 1 retries left.
2025-07-12 17:49:11.332325125 UTC eduteams-lint-0.1.0 (buildPhase)> Progress: resolved [96m337[39m, reused [96m0[39m, downloaded [96m0[39m, added [96m0[39m
2025-07-12 17:49:11.332673295 UTC eduteams-lint-0.1.0 (buildPhase)> [1A[43m[30m WARN [39m[49m GET https://registry.npmjs.org/tailwindcss/-/tailwindcss-4.1.11.tgz error (EAI_AGAIN). Will retry in 1 minute. 1 retries left.
2025-07-12 17:49:11.332832716 UTC eduteams-lint-0.1.0 (buildPhase)> Progress: resolved [96m337[39m, reused [96m0[39m, downloaded [96m0[39m, added [96m0[39m
2025-07-12 17:49:11.350506348 UTC eduteams-lint-0.1.0 (buildPhase)> [1A[43m[30m WARN [39m[49m GET https://registry.npmjs.org/@tailwindcss/oxide/-/oxide-4.1.11.tgz error (EAI_AGAIN). Will retry in 1 minute. 1 retries left.
2025-07-12 17:49:11.350763218 UTC eduteams-lint-0.1.0 (buildPhase)> Progress: resolved [96m337[39m, reused [96m0[39m, downloaded [96m0[39m, added [96m0[39m
2025-07-12 17:49:11.351031989 UTC eduteams-lint-0.1.0 (buildPhase)> [1A[43m[30m WARN [39m[49m GET https://registry.npmjs.org/tar/-/tar-7.4.3.tgz error (EAI_AGAIN). Will retry in 1 minute. 1 retries left.
2025-07-12 17:49:11.351263679 UTC eduteams-lint-0.1.0 (buildPhase)> Progress: resolved [96m337[39m, reused [96m0[39m, downloaded [96m0[39m, added [96m0[39m
2025-07-12 17:49:11.35168685 UTC eduteams-lint-0.1.0 (buildPhase)> [1A[43m[30m WARN [39m[49m GET https://registry.npmjs.org/@isaacs/fs-minipass/-/fs-minipass-4.0.1.tgz error (EAI_AGAIN). Will retry in 1 minute. 1 retries left.
2025-07-12 17:49:11.351959781 UTC eduteams-lint-0.1.0 (buildPhase)> Progress: resolved [96m337[39m, reused [96m0[39m, downloaded [96m0[39m, added [96m0[39m
2025-07-12 17:49:11.352418161 UTC eduteams-lint-0.1.0 (buildPhase)> [1A[43m[30m WARN [39m[49m GET https://registry.npmjs.org/minipass/-/minipass-7.1.2.tgz error (EAI_AGAIN). Will retry in 1 minute. 1 retries left.
2025-07-12 17:49:11.352675052 UTC eduteams-lint-0.1.0 (buildPhase)> Progress: resolved [96m337[39m, reused [96m0[39m, downloaded [96m0[39m, added [96m0[39m
2025-07-12 17:49:11.353183323 UTC eduteams-lint-0.1.0 (buildPhase)> [1A[43m[30m WARN [39m[49m GET https://registry.npmjs.org/chownr/-/chownr-3.0.0.tgz error (EAI_AGAIN). Will retry in 1 minute. 1 retries left.
2025-07-12 17:49:11.353373553 UTC eduteams-lint-0.1.0 (buildPhase)> Progress: resolved [96m337[39m, reused [96m0[39m, downloaded [96m0[39m, added [96m0[39m
2025-07-12 17:49:11.353777294 UTC eduteams-lint-0.1.0 (buildPhase)> [1A[43m[30m WARN [39m[49m GET https://registry.npmjs.org/minizlib/-/minizlib-3.0.2.tgz error (EAI_AGAIN). Will retry in 1 minute. 1 retries left.
2025-07-12 17:49:11.353989824 UTC eduteams-lint-0.1.0 (buildPhase)> Progress: resolved [96m337[39m, reused [96m0[39m, downloaded [96m0[39m, added [96m0[39m
2025-07-12 17:49:11.354413115 UTC eduteams-lint-0.1.0 (buildPhase)> [1A[43m[30m WARN [39m[49m GET https://registry.npmjs.org/mkdirp/-/mkdirp-3.0.1.tgz error (EAI_AGAIN). Will retry in 1 minute. 1 retries left.
2025-07-12 17:49:11.354656116 UTC eduteams-lint-0.1.0 (buildPhase)> Progress: resolved [96m337[39m, reused [96m0[39m, downloaded [96m0[39m, added [96m0[39m
2025-07-12 17:49:11.354941016 UTC eduteams-lint-0.1.0 (buildPhase)> [1A[43m[30m WARN [39m[49m GET https://registry.npmjs.org/yallist/-/yallist-5.0.0.tgz error (EAI_AGAIN). Will retry in 1 minute. 1 retries left.
2025-07-12 17:49:11.355160577 UTC eduteams-lint-0.1.0 (buildPhase)> Progress: resolved [96m337[39m, reused [96m0[39m, downloaded [96m0[39m, added [96m0[39m
2025-07-12 17:49:11.355654257 UTC eduteams-lint-0.1.0 (buildPhase)> [1A[43m[30m WARN [39m[49m GET https://registry.npmjs.org/@tailwindcss/oxide-linux-x64-gnu/-/oxide-linux-x64-gnu-4.1.11.tgz error (EAI_AGAIN). Will retry in 1 minute. 1 retries left.
2025-07-12 17:49:11.355846268 UTC eduteams-lint-0.1.0 (buildPhase)> Progress: resolved [96m337[39m, reused [96m0[39m, downloaded [96m0[39m, added [96m0[39m
2025-07-12 17:49:11.356529769 UTC eduteams-lint-0.1.0 (buildPhase)> [1A[43m[30m WARN [39m[49m GET https://registry.npmjs.org/@tailwindcss/oxide-linux-x64-musl/-/oxide-linux-x64-musl-4.1.11.tgz error (EAI_AGAIN). Will retry in 1 minute. 1 retries left.
2025-07-12 17:49:11.356728409 UTC eduteams-lint-0.1.0 (buildPhase)> Progress: resolved [96m337[39m, reused [96m0[39m, downloaded [96m0[39m, added [96m0[39m
2025-07-12 17:49:11.357648751 UTC eduteams-lint-0.1.0 (buildPhase)> [1A[43m[30m WARN [39m[49m GET https://registry.npmjs.org/postcss/-/postcss-8.5.6.tgz error (EAI_AGAIN). Will retry in 1 minute. 1 retries left.
2025-07-12 17:49:11.357892381 UTC eduteams-lint-0.1.0 (buildPhase)> Progress: resolved [96m337[39m, reused [96m0[39m, downloaded [96m0[39m, added [96m0[39m
2025-07-12 17:49:11.358467502 UTC eduteams-lint-0.1.0 (buildPhase)> [1A[43m[30m WARN [39m[49m GET https://registry.npmjs.org/@types/node/-/node-20.19.7.tgz error (EAI_AGAIN). Will retry in 1 minute. 1 retries left.
2025-07-12 17:49:11.358669093 UTC eduteams-lint-0.1.0 (buildPhase)> Progress: resolved [96m337[39m, reused [96m0[39m, downloaded [96m0[39m, added [96m0[39m
2025-07-12 17:49:11.359221394 UTC eduteams-lint-0.1.0 (buildPhase)> [1A[43m[30m WARN [39m[49m GET https://registry.npmjs.org/undici-types/-/undici-types-6.21.0.tgz error (EAI_AGAIN). Will retry in 1 minute. 1 retries left.
2025-07-12 17:49:11.359427374 UTC eduteams-lint-0.1.0 (buildPhase)> Progress: resolved [96m337[39m, reused [96m0[39m, downloaded [96m0[39m, added [96m0[39m
2025-07-12 17:49:11.359809005 UTC eduteams-lint-0.1.0 (buildPhase)> [1A[43m[30m WARN [39m[49m GET https://registry.npmjs.org/@types/react/-/react-19.1.8.tgz error (EAI_AGAIN). Will retry in 1 minute. 1 retries left.
2025-07-12 17:49:11.361001737 UTC eduteams-lint-0.1.0 (buildPhase)> Progress: resolved [96m337[39m, reused [96m0[39m, downloaded [96m0[39m, added [96m0[39m
2025-07-12 17:49:11.361211917 UTC eduteams-lint-0.1.0 (buildPhase)> [1A[43m[30m WARN [39m[49m GET https://registry.npmjs.org/csstype/-/csstype-3.1.3.tgz error (EAI_AGAIN). Will retry in 1 minute. 1 retries left.
2025-07-12 17:49:11.361370698 UTC eduteams-lint-0.1.0 (buildPhase)> Progress: resolved [96m337[39m, reused [96m0[39m, downloaded [96m0[39m, added [96m0[39m
2025-07-12 17:49:11.361562578 UTC eduteams-lint-0.1.0 (buildPhase)> [1A[43m[30m WARN [39m[49m GET https://registry.npmjs.org/@types/react-dom/-/react-dom-19.1.6.tgz error (EAI_AGAIN). Will retry in 1 minute. 1 retries left.
2025-07-12 17:49:11.361754148 UTC eduteams-lint-0.1.0 (buildPhase)> Progress: resolved [96m337[39m, reused [96m0[39m, downloaded [96m0[39m, added [96m0[39m
2025-07-12 17:49:11.362416179 UTC eduteams-lint-0.1.0 (buildPhase)> [1A[43m[30m WARN [39m[49m GET https://registry.npmjs.org/eslint/-/eslint-9.31.0.tgz error (EAI_AGAIN). Will retry in 1 minute. 1 retries left.
2025-07-12 17:49:11.36262076 UTC eduteams-lint-0.1.0 (buildPhase)> Progress: resolved [96m337[39m, reused [96m0[39m, downloaded [96m0[39m, added [96m0[39m
2025-07-12 17:49:11.36302186 UTC eduteams-lint-0.1.0 (buildPhase)> [1A[43m[30m WARN [39m[49m GET https://registry.npmjs.org/@eslint-community/eslint-utils/-/eslint-utils-4.7.0.tgz error (EAI_AGAIN). Will retry in 1 minute. 1 retries left.
2025-07-12 17:49:11.363185301 UTC eduteams-lint-0.1.0 (buildPhase)> Progress: resolved [96m337[39m, reused [96m0[39m, downloaded [96m0[39m, added [96m0[39m
2025-07-12 17:49:11.367629899 UTC eduteams-lint-0.1.0 (buildPhase)> [1A[43m[30m WARN [39m[49m GET https://registry.npmjs.org/eslint-visitor-keys/-/eslint-visitor-keys-3.4.3.tgz error (EAI_AGAIN). Will retry in 1 minute. 1 retries left.
2025-07-12 17:49:11.367807149 UTC eduteams-lint-0.1.0 (buildPhase)> Progress: resolved [96m337[39m, reused [96m0[39m, downloaded [96m0[39m, added [96m0[39m
2025-07-12 17:50:11.415974459 UTC eduteams-lint-0.1.0 (buildPhase)> [1A[43m[30m WARN [39m[49m GET https://registry.npmjs.org/@eslint-community/regexpp/-/regexpp-4.12.1.tgz error (EAI_AGAIN). Will retry in 10 seconds. 2 retries left.
2025-07-12 17:50:11.41664276 UTC eduteams-lint-0.1.0 (buildPhase)> Progress: resolved [96m337[39m, reused [96m0[39m, downloaded [96m0[39m, added [96m0[39m
2025-07-12 17:50:11.417085721 UTC eduteams-lint-0.1.0 (buildPhase)> [1A[43m[30m WARN [39m[49m GET https://registry.npmjs.org/tslib/-/tslib-2.8.1.tgz error (EAI_AGAIN). Will retry in 10 seconds. 2 retries left.
2025-07-12 17:50:11.417494162 UTC eduteams-lint-0.1.0 (buildPhase)> Progress: resolved [96m337[39m, reused [96m0[39m, downloaded [96m0[39m, added [96m0[39m
2025-07-12 17:50:11.418949225 UTC eduteams-lint-0.1.0 (buildPhase)> [1A[43m[30m WARN [39m[49m GET https://registry.npmjs.org/busboy/-/busboy-1.6.0.tgz error (EAI_AGAIN). Will retry in 10 seconds. 2 retries left.
2025-07-12 17:50:11.419366745 UTC eduteams-lint-0.1.0 (buildPhase)> Progress: resolved [96m337[39m, reused [96m0[39m, downloaded [96m0[39m, added [96m0[39m
2025-07-12 17:50:11.420206847 UTC eduteams-lint-0.1.0 (buildPhase)> [1A[43m[30m WARN [39m[49m GET https://registry.npmjs.org/streamsearch/-/streamsearch-1.1.0.tgz error (EAI_AGAIN). Will retry in 10 seconds. 2 retries left.
2025-07-12 17:50:11.420804198 UTC eduteams-lint-0.1.0 (buildPhase)> Progress: resolved [96m337[39m, reused [96m0[39m, downloaded [96m0[39m, added [96m0[39m
2025-07-12 17:50:11.421165519 UTC eduteams-lint-0.1.0 (buildPhase)> [1A[43m[30m WARN [39m[49m GET https://registry.npmjs.org/caniuse-lite/-/caniuse-lite-1.0.30001727.tgz error (EAI_AGAIN). Will retry in 10 seconds. 2 retries left.
2025-07-12 17:50:11.4215448 UTC eduteams-lint-0.1.0 (buildPhase)> Progress: resolved [96m337[39m, reused [96m0[39m, downloaded [96m0[39m, added [96m0[39m
2025-07-12 17:50:11.422647591 UTC eduteams-lint-0.1.0 (buildPhase)> [1A[43m[30m WARN [39m[49m GET https://registry.npmjs.org/postcss/-/postcss-8.4.31.tgz error (EAI_AGAIN). Will retry in 10 seconds. 2 retries left.
2025-07-12 17:50:11.422996732 UTC eduteams-lint-0.1.0 (buildPhase)> Progress: resolved [96m337[39m, reused [96m0[39m, downloaded [96m0[39m, added [96m0[39m
2025-07-12 17:50:11.423703233 UTC eduteams-lint-0.1.0 (buildPhase)> [1A[43m[30m WARN [39m[49m GET https://registry.npmjs.org/nanoid/-/nanoid-3.3.11.tgz error (EAI_AGAIN). Will retry in 10 seconds. 2 retries left.
2025-07-12 17:50:11.423932054 UTC eduteams-lint-0.1.0 (buildPhase)> Progress: resolved [96m337[39m, reused [96m0[39m, downloaded [96m0[39m, added [96m0[39m
2025-07-12 17:50:11.462388143 UTC eduteams-lint-0.1.0 (buildPhase)> [1A[41m[30m EAI_AGAIN [39m[49m [31mrequest to https://registry.npmjs.org/@swc/helpers/-/helpers-0.5.15.tgz failed, reason: getaddrinfo EAI_AGAIN registry.npmjs.org[39m
2025-07-12 17:50:11.462682864 UTC eduteams-lint-0.1.0 (buildPhase)> 
2025-07-12 17:50:11.463011695 UTC eduteams-lint-0.1.0 (buildPhase)> FetchError: request to https://registry.npmjs.org/@swc/helpers/-/helpers-0.5.15.tgz failed, reason: getaddrinfo EAI_AGAIN registry.npmjs.org
2025-07-12 17:50:11.463313495 UTC eduteams-lint-0.1.0 (buildPhase)>     at ClientRequest.<anonymous> (/nix/store/rsy1wbf1pcmfdzqygrhq06v6yqa0pxp6-pnpm-9.15.9/libexec/pnpm/dist/pnpm.cjs:67084:18)
2025-07-12 17:50:11.463634176 UTC eduteams-lint-0.1.0 (buildPhase)>     at ClientRequest.emit (node:events:524:28)
2025-07-12 17:50:11.463852886 UTC eduteams-lint-0.1.0 (buildPhase)>     at emitErrorEvent (node:_http_client:101:11)
2025-07-12 17:50:11.464173157 UTC eduteams-lint-0.1.0 (buildPhase)>     at TLSSocket.socketErrorListener (node:_http_client:504:5)
2025-07-12 17:50:11.464364387 UTC eduteams-lint-0.1.0 (buildPhase)>     at TLSSocket.emit (node:events:536:35)
2025-07-12 17:50:11.464599507 UTC eduteams-lint-0.1.0 (buildPhase)>     at emitErrorNT (node:internal/streams/destroy:169:8)
2025-07-12 17:50:11.464898678 UTC eduteams-lint-0.1.0 (buildPhase)>     at emitErrorCloseNT (node:internal/streams/destroy:128:3)
2025-07-12 17:50:11.465144588 UTC eduteams-lint-0.1.0 (buildPhase)>     at process.processTicksAndRejections (node:internal/process/task_queues:82:21)
2025-07-12 17:50:11.465438899 UTC eduteams-lint-0.1.0 (buildPhase)> Progress: resolved [96m337[39m, reused [96m0[39m, downloaded [96m0[39m, added [96m0[39m
2025-07-12 17:50:11.592467628 UTC> [31;1merror:[0m build of '[35;1m/nix/store/nrcdkx1x4mrrk1zbj9h9fzxbdvqgznr2-eduteams-lint-0.1.0.drv[0m' on '[35;1mssh-ng://nix-ssh@garnix6[0m' failed: [35;1m[0mbuilder for '[35;1m/nix/store/nrcdkx1x4mrrk1zbj9h9fzxbdvqgznr2-eduteams-lint-0.1.0.drv[0m' failed with exit code 1;
       last 25 log lines:
       > Progress: resolved [96m337[39m, reused [96m0[39m, downloaded [96m0[39m, added [96m0[39m
       > [1A[43m[30m WARN [39m[49m GET https://registry.npmjs.org/tslib/-/tslib-2.8.1.tgz error (EAI_AGAIN). Will retry in 10 seconds. 2 retries left.
       > Progress: resolved [96m337[39m, reused [96m0[39m, downloaded [96m0[39m, added [96m0[39m
       > [1A[43m[30m WARN [39m[49m GET https://registry.npmjs.org/busboy/-/busboy-1.6.0.tgz error (EAI_AGAIN). Will retry in 10 seconds. 2 retries left.
       > Progress: resolved [96m337[39m, reused [96m0[39m, downloaded [96m0[39m, added [96m0[39m
       > [1A[43m[30m WARN [39m[49m GET https://registry.npmjs.org/streamsearch/-/streamsearch-1.1.0.tgz error (EAI_AGAIN). Will retry in 10 seconds. 2 retries left.
       > Progress: resolved [96m337[39m, reused [96m0[39m, downloaded [96m0[39m, added [96m0[39m
       > [1A[43m[30m WARN [39m[49m GET https://registry.npmjs.org/caniuse-lite/-/caniuse-lite-1.0.30001727.tgz error (EAI_AGAIN). Will retry in 10 seconds. 2 retries left.
       > Progress: resolved [96m337[39m, reused [96m0[39m, downloaded [96m0[39m, added [96m0[39m
       > [1A[43m[30m WARN [39m[49m GET https://registry.npmjs.org/postcss/-/postcss-8.4.31.tgz error (EAI_AGAIN). Will retry in 10 seconds. 2 retries left.
       > Progress: resolved [96m337[39m, reused [96m0[39m, downloaded [96m0[39m, added [96m0[39m
       > [1A[43m[30m WARN [39m[49m GET https://registry.npmjs.org/nanoid/-/nanoid-3.3.11.tgz error (EAI_AGAIN). Will retry in 10 seconds. 2 retries left.
       > Progress: resolved [96m337[39m, reused [96m0[39m, downloaded [96m0[39m, added [96m0[39m
       > [1A[41m[30m EAI_AGAIN [39m[49m [31mrequest to https://registry.npmjs.org/@swc/helpers/-/helpers-0.5.15.tgz failed, reason: getaddrinfo EAI_AGAIN registry.npmjs.org[39m
       >
       > FetchError: request to https://registry.npmjs.org/@swc/helpers/-/helpers-0.5.15.tgz failed, reason: getaddrinfo EAI_AGAIN registry.npmjs.org
       >     at ClientRequest.<anonymous> (/nix/store/rsy1wbf1pcmfdzqygrhq06v6yqa0pxp6-pnpm-9.15.9/libexec/pnpm/dist/pnpm.cjs:67084:18)
       >     at ClientRequest.emit (node:events:524:28)
       >     at emitErrorEvent (node:_http_client:101:11)
       >     at TLSSocket.socketErrorListener (node:_http_client:504:5)
       >     at TLSSocket.emit (node:events:536:35)
       >     at emitErrorNT (node:internal/streams/destroy:169:8)
       >     at emitErrorCloseNT (node:internal/streams/destroy:128:3)
       >     at process.processTicksAndRejections (node:internal/process/task_queues:82:21)
       > Progress: resolved [96m337[39m, reused [96m0[39m, downloaded [96m0[39m, added [96m0[39m
       For full logs, run '[1mnix log /nix/store/nrcdkx1x4mrrk1zbj9h9fzxbdvqgznr2-eduteams-lint-0.1.0.drv[0m'.[0m
2025-07-12 17:50:11.598337328 UTC> [31;1merror:[0m [35;1m[0mbuilder for '[35;1m/nix/store/nrcdkx1x4mrrk1zbj9h9fzxbdvqgznr2-eduteams-lint-0.1.0.drv[0m' failed with exit code 1[0m
