2025-07-12 17:48:58.365114089 UTC> this derivation will be built:
2025-07-12 17:48:58.36543703 UTC>   /nix/store/hs9f8h52awiqvjncqx6c8wss1jxzhw5p-eduteams-0.1.0.drv
2025-07-12 17:50:15.762890779 UTC eduteams-0.1.0> Running phase: unpackPhase
2025-07-12 17:50:15.771221214 UTC eduteams-0.1.0 (unpackPhase)> unpacking source archive /nix/store/gi0icqx6s33v8jgj6hawrxwhf4a19zvg-05bp6wx08sizcq289fwxn5azizlazlhq-source
2025-07-12 17:50:15.778880128 UTC eduteams-0.1.0 (unpackPhase)> source root is 05bp6wx08sizcq289fwxn5azizlazlhq-source
2025-07-12 17:50:15.794072425 UTC eduteams-0.1.0 (unpackPhase)> Running phase: patchPhase
2025-07-12 17:50:15.806341147 UTC eduteams-0.1.0 (patchPhase)> Running phase: updateAutotoolsGnuConfigScriptsPhase
2025-07-12 17:50:15.823810479 UTC eduteams-0.1.0 (updateAutotoolsGnuConfigScriptsPhase)> Running phase: configurePhase
2025-07-12 17:50:15.841769642 UTC eduteams-0.1.0 (configurePhase)> no configure script, doing nothing
2025-07-12 17:50:15.843938355 UTC eduteams-0.1.0 (configurePhase)> Running phase: buildPhase
2025-07-12 17:50:16.447448886 UTC eduteams-0.1.0 (buildPhase)> Lockfile is up to date, resolution step is skipped
2025-07-12 17:50:16.474924236 UTC eduteams-0.1.0 (buildPhase)> Progress: resolved [96m1[39m, reused [96m0[39m, downloaded [96m0[39m, added [96m0[39m
2025-07-12 17:50:16.550049641 UTC eduteams-0.1.0 (buildPhase)> [1APackages: [32m+337[39m[0K
2025-07-12 17:50:16.550552202 UTC eduteams-0.1.0 (buildPhase)> 
2025-07-12 17:50:16.551214164 UTC eduteams-0.1.0 (buildPhase)> Progress: resolved [96m1[39m, reused [96m0[39m, downloaded [96m0[39m, added [96m0[39m
2025-07-12 17:50:16.63258167 UTC eduteams-0.1.0 (buildPhase)> [1A[43m[30m WARN [39m[49m GET https://registry.npmjs.org/next/-/next-15.3.5.tgz error (EAI_AGAIN). Will retry in 10 seconds. 2 retries left.
2025-07-12 17:50:16.632964541 UTC eduteams-0.1.0 (buildPhase)> Progress: resolved [96m1[39m, reused [96m0[39m, downloaded [96m0[39m, added [96m0[39m
2025-07-12 17:50:16.633370082 UTC eduteams-0.1.0 (buildPhase)> [1A[43m[30m WARN [39m[49m GET https://registry.npmjs.org/import-fresh/-/import-fresh-3.3.1.tgz error (EAI_AGAIN). Will retry in 10 seconds. 2 retries left.
2025-07-12 17:50:16.633709232 UTC eduteams-0.1.0 (buildPhase)> Progress: resolved [96m1[39m, reused [96m0[39m, downloaded [96m0[39m, added [96m0[39m
2025-07-12 17:50:16.634072853 UTC eduteams-0.1.0 (buildPhase)> [1A[43m[30m WARN [39m[49m GET https://registry.npmjs.org/parent-module/-/parent-module-1.0.1.tgz error (EAI_AGAIN). Will retry in 10 seconds. 2 retries left.
2025-07-12 17:50:16.634445454 UTC eduteams-0.1.0 (buildPhase)> Progress: resolved [96m1[39m, reused [96m0[39m, downloaded [96m0[39m, added [96m0[39m
2025-07-12 17:50:16.634868775 UTC eduteams-0.1.0 (buildPhase)> [1A[43m[30m WARN [39m[49m GET https://registry.npmjs.org/callsites/-/callsites-3.1.0.tgz error (EAI_AGAIN). Will retry in 10 seconds. 2 retries left.
2025-07-12 17:50:16.635272265 UTC eduteams-0.1.0 (buildPhase)> Progress: resolved [96m1[39m, reused [96m0[39m, downloaded [96m0[39m, added [96m0[39m
2025-07-12 17:50:16.635581186 UTC eduteams-0.1.0 (buildPhase)> [1A[43m[30m WARN [39m[49m GET https://registry.npmjs.org/resolve-from/-/resolve-from-4.0.0.tgz error (EAI_AGAIN). Will retry in 10 seconds. 2 retries left.
2025-07-12 17:50:16.635801466 UTC eduteams-0.1.0 (buildPhase)> Progress: resolved [96m1[39m, reused [96m0[39m, downloaded [96m0[39m, added [96m0[39m
2025-07-12 17:50:16.636005846 UTC eduteams-0.1.0 (buildPhase)> [1A[43m[30m WARN [39m[49m GET https://registry.npmjs.org/js-yaml/-/js-yaml-4.1.0.tgz error (EAI_AGAIN). Will retry in 10 seconds. 2 retries left.
2025-07-12 17:50:16.636224017 UTC eduteams-0.1.0 (buildPhase)> Progress: resolved [96m1[39m, reused [96m0[39m, downloaded [96m0[39m, added [96m0[39m
2025-07-12 17:50:16.636463557 UTC eduteams-0.1.0 (buildPhase)> [1A[43m[30m WARN [39m[49m GET https://registry.npmjs.org/argparse/-/argparse-2.0.1.tgz error (EAI_AGAIN). Will retry in 10 seconds. 2 retries left.
2025-07-12 17:50:16.636666178 UTC eduteams-0.1.0 (buildPhase)> Progress: resolved [96m1[39m, reused [96m0[39m, downloaded [96m0[39m, added [96m0[39m
2025-07-12 17:50:16.637007978 UTC eduteams-0.1.0 (buildPhase)> [1A[43m[30m WARN [39m[49m GET https://registry.npmjs.org/minimatch/-/minimatch-3.1.2.tgz error (EAI_AGAIN). Will retry in 10 seconds. 2 retries left.
2025-07-12 17:50:16.637220579 UTC eduteams-0.1.0 (buildPhase)> Progress: resolved [96m1[39m, reused [96m0[39m, downloaded [96m0[39m, added [96m0[39m
2025-07-12 17:50:16.63772773 UTC eduteams-0.1.0 (buildPhase)> [1A[43m[30m WARN [39m[49m GET https://registry.npmjs.org/brace-expansion/-/brace-expansion-1.1.12.tgz error (EAI_AGAIN). Will retry in 10 seconds. 2 retries left.
2025-07-12 17:50:16.63791911 UTC eduteams-0.1.0 (buildPhase)> Progress: resolved [96m1[39m, reused [96m0[39m, downloaded [96m0[39m, added [96m0[39m
2025-07-12 17:50:16.638335631 UTC eduteams-0.1.0 (buildPhase)> [1A[43m[30m WARN [39m[49m GET https://registry.npmjs.org/balanced-match/-/balanced-match-1.0.2.tgz error (EAI_AGAIN). Will retry in 10 seconds. 2 retries left.
2025-07-12 17:50:16.638546941 UTC eduteams-0.1.0 (buildPhase)> Progress: resolved [96m1[39m, reused [96m0[39m, downloaded [96m0[39m, added [96m0[39m
2025-07-12 17:50:16.638820682 UTC eduteams-0.1.0 (buildPhase)> [1A[43m[30m WARN [39m[49m GET https://registry.npmjs.org/concat-map/-/concat-map-0.0.1.tgz error (EAI_AGAIN). Will retry in 10 seconds. 2 retries left.
2025-07-12 17:50:16.639045592 UTC eduteams-0.1.0 (buildPhase)> Progress: resolved [96m1[39m, reused [96m0[39m, downloaded [96m0[39m, added [96m0[39m
2025-07-12 17:50:16.639278452 UTC eduteams-0.1.0 (buildPhase)> [1A[43m[30m WARN [39m[49m GET https://registry.npmjs.org/strip-json-comments/-/strip-json-comments-3.1.1.tgz error (EAI_AGAIN). Will retry in 10 seconds. 2 retries left.
2025-07-12 17:50:16.639488283 UTC eduteams-0.1.0 (buildPhase)> Progress: resolved [96m1[39m, reused [96m0[39m, downloaded [96m0[39m, added [96m0[39m
2025-07-12 17:50:16.639723643 UTC eduteams-0.1.0 (buildPhase)> [1A[43m[30m WARN [39m[49m GET https://registry.npmjs.org/@tailwindcss/postcss/-/postcss-4.1.11.tgz error (EAI_AGAIN). Will retry in 10 seconds. 2 retries left.
2025-07-12 17:50:16.639946304 UTC eduteams-0.1.0 (buildPhase)> Progress: resolved [96m1[39m, reused [96m0[39m, downloaded [96m0[39m, added [96m0[39m
2025-07-12 17:50:16.640173204 UTC eduteams-0.1.0 (buildPhase)> [1A[43m[30m WARN [39m[49m GET https://registry.npmjs.org/@alloc/quick-lru/-/quick-lru-5.2.0.tgz error (EAI_AGAIN). Will retry in 10 seconds. 2 retries left.
2025-07-12 17:50:16.640414614 UTC eduteams-0.1.0 (buildPhase)> Progress: resolved [96m1[39m, reused [96m0[39m, downloaded [96m0[39m, added [96m0[39m
2025-07-12 17:50:16.640614855 UTC eduteams-0.1.0 (buildPhase)> [1A[43m[30m WARN [39m[49m GET https://registry.npmjs.org/@tailwindcss/node/-/node-4.1.11.tgz error (EAI_AGAIN). Will retry in 10 seconds. 2 retries left.
2025-07-12 17:50:16.640831115 UTC eduteams-0.1.0 (buildPhase)> Progress: resolved [96m1[39m, reused [96m0[39m, downloaded [96m0[39m, added [96m0[39m
2025-07-12 17:50:16.641061916 UTC eduteams-0.1.0 (buildPhase)> [1A[43m[30m WARN [39m[49m GET https://registry.npmjs.org/@ampproject/remapping/-/remapping-2.3.0.tgz error (EAI_AGAIN). Will retry in 10 seconds. 2 retries left.
2025-07-12 17:50:16.641269116 UTC eduteams-0.1.0 (buildPhase)> Progress: resolved [96m1[39m, reused [96m0[39m, downloaded [96m0[39m, added [96m0[39m
2025-07-12 17:50:16.641441027 UTC eduteams-0.1.0 (buildPhase)> [1A[43m[30m WARN [39m[49m GET https://registry.npmjs.org/@jridgewell/gen-mapping/-/gen-mapping-0.3.12.tgz error (EAI_AGAIN). Will retry in 10 seconds. 2 retries left.
2025-07-12 17:50:16.641637317 UTC eduteams-0.1.0 (buildPhase)> Progress: resolved [96m1[39m, reused [96m0[39m, downloaded [96m0[39m, added [96m0[39m
2025-07-12 17:50:16.641873187 UTC eduteams-0.1.0 (buildPhase)> [1A[43m[30m WARN [39m[49m GET https://registry.npmjs.org/@jridgewell/sourcemap-codec/-/sourcemap-codec-1.5.4.tgz error (EAI_AGAIN). Will retry in 10 seconds. 2 retries left.
2025-07-12 17:50:16.642091168 UTC eduteams-0.1.0 (buildPhase)> Progress: resolved [96m1[39m, reused [96m0[39m, downloaded [96m0[39m, added [96m0[39m
2025-07-12 17:50:16.642316678 UTC eduteams-0.1.0 (buildPhase)> [1A[43m[30m WARN [39m[49m GET https://registry.npmjs.org/@jridgewell/trace-mapping/-/trace-mapping-0.3.29.tgz error (EAI_AGAIN). Will retry in 10 seconds. 2 retries left.
2025-07-12 17:50:16.642520189 UTC eduteams-0.1.0 (buildPhase)> Progress: resolved [96m1[39m, reused [96m0[39m, downloaded [96m0[39m, added [96m0[39m
2025-07-12 17:50:16.642824059 UTC eduteams-0.1.0 (buildPhase)> [1A[43m[30m WARN [39m[49m GET https://registry.npmjs.org/@jridgewell/resolve-uri/-/resolve-uri-3.1.2.tgz error (EAI_AGAIN). Will retry in 10 seconds. 2 retries left.
2025-07-12 17:50:16.643031299 UTC eduteams-0.1.0 (buildPhase)> Progress: resolved [96m1[39m, reused [96m0[39m, downloaded [96m0[39m, added [96m0[39m
2025-07-12 17:50:16.64326622 UTC eduteams-0.1.0 (buildPhase)> [1A[43m[30m WARN [39m[49m GET https://registry.npmjs.org/enhanced-resolve/-/enhanced-resolve-5.18.2.tgz error (EAI_AGAIN). Will retry in 10 seconds. 2 retries left.
2025-07-12 17:50:16.64349009 UTC eduteams-0.1.0 (buildPhase)> Progress: resolved [96m1[39m, reused [96m0[39m, downloaded [96m0[39m, added [96m0[39m
2025-07-12 17:50:16.643712921 UTC eduteams-0.1.0 (buildPhase)> [1A[43m[30m WARN [39m[49m GET https://registry.npmjs.org/graceful-fs/-/graceful-fs-4.2.11.tgz error (EAI_AGAIN). Will retry in 10 seconds. 2 retries left.
2025-07-12 17:50:16.643926211 UTC eduteams-0.1.0 (buildPhase)> Progress: resolved [96m1[39m, reused [96m0[39m, downloaded [96m0[39m, added [96m0[39m
2025-07-12 17:50:16.644150941 UTC eduteams-0.1.0 (buildPhase)> [1A[43m[30m WARN [39m[49m GET https://registry.npmjs.org/tapable/-/tapable-2.2.2.tgz error (EAI_AGAIN). Will retry in 10 seconds. 2 retries left.
2025-07-12 17:50:16.644366152 UTC eduteams-0.1.0 (buildPhase)> Progress: resolved [96m1[39m, reused [96m0[39m, downloaded [96m0[39m, added [96m0[39m
2025-07-12 17:50:16.644535642 UTC eduteams-0.1.0 (buildPhase)> [1A[43m[30m WARN [39m[49m GET https://registry.npmjs.org/jiti/-/jiti-2.4.2.tgz error (EAI_AGAIN). Will retry in 10 seconds. 2 retries left.
2025-07-12 17:50:16.644737502 UTC eduteams-0.1.0 (buildPhase)> Progress: resolved [96m1[39m, reused [96m0[39m, downloaded [96m0[39m, added [96m0[39m
2025-07-12 17:50:16.644917823 UTC eduteams-0.1.0 (buildPhase)> [1A[43m[30m WARN [39m[49m GET https://registry.npmjs.org/lightningcss/-/lightningcss-1.30.1.tgz error (EAI_AGAIN). Will retry in 10 seconds. 2 retries left.
2025-07-12 17:50:16.645133263 UTC eduteams-0.1.0 (buildPhase)> Progress: resolved [96m1[39m, reused [96m0[39m, downloaded [96m0[39m, added [96m0[39m
2025-07-12 17:50:16.645347734 UTC eduteams-0.1.0 (buildPhase)> [1A[43m[30m WARN [39m[49m GET https://registry.npmjs.org/lightningcss-linux-x64-gnu/-/lightningcss-linux-x64-gnu-1.30.1.tgz error (EAI_AGAIN). Will retry in 10 seconds. 2 retries left.
2025-07-12 17:50:16.645573274 UTC eduteams-0.1.0 (buildPhase)> Progress: resolved [96m1[39m, reused [96m0[39m, downloaded [96m0[39m, added [96m0[39m
2025-07-12 17:50:16.645802915 UTC eduteams-0.1.0 (buildPhase)> [1A[43m[30m WARN [39m[49m GET https://registry.npmjs.org/lightningcss-linux-x64-musl/-/lightningcss-linux-x64-musl-1.30.1.tgz error (EAI_AGAIN). Will retry in 10 seconds. 2 retries left.
2025-07-12 17:50:16.646031455 UTC eduteams-0.1.0 (buildPhase)> Progress: resolved [96m1[39m, reused [96m0[39m, downloaded [96m0[39m, added [96m0[39m
2025-07-12 17:50:16.646222385 UTC eduteams-0.1.0 (buildPhase)> [1A[43m[30m WARN [39m[49m GET https://registry.npmjs.org/magic-string/-/magic-string-0.30.17.tgz error (EAI_AGAIN). Will retry in 10 seconds. 2 retries left.
2025-07-12 17:50:16.646420576 UTC eduteams-0.1.0 (buildPhase)> Progress: resolved [96m1[39m, reused [96m0[39m, downloaded [96m0[39m, added [96m0[39m
2025-07-12 17:50:16.646645536 UTC eduteams-0.1.0 (buildPhase)> [1A[43m[30m WARN [39m[49m GET https://registry.npmjs.org/tailwindcss/-/tailwindcss-4.1.11.tgz error (EAI_AGAIN). Will retry in 10 seconds. 2 retries left.
2025-07-12 17:50:16.646869506 UTC eduteams-0.1.0 (buildPhase)> Progress: resolved [96m1[39m, reused [96m0[39m, downloaded [96m0[39m, added [96m0[39m
2025-07-12 17:50:16.649702482 UTC eduteams-0.1.0 (buildPhase)> [1A[43m[30m WARN [39m[49m GET https://registry.npmjs.org/@tailwindcss/oxide/-/oxide-4.1.11.tgz error (EAI_AGAIN). Will retry in 10 seconds. 2 retries left.
2025-07-12 17:50:16.649900862 UTC eduteams-0.1.0 (buildPhase)> Progress: resolved [96m1[39m, reused [96m0[39m, downloaded [96m0[39m, added [96m0[39m
2025-07-12 17:50:16.650257483 UTC eduteams-0.1.0 (buildPhase)> [1A[43m[30m WARN [39m[49m GET https://registry.npmjs.org/tar/-/tar-7.4.3.tgz error (EAI_AGAIN). Will retry in 10 seconds. 2 retries left.
2025-07-12 17:50:16.650460813 UTC eduteams-0.1.0 (buildPhase)> Progress: resolved [96m1[39m, reused [96m0[39m, downloaded [96m0[39m, added [96m0[39m
2025-07-12 17:50:16.650988654 UTC eduteams-0.1.0 (buildPhase)> [1A[43m[30m WARN [39m[49m GET https://registry.npmjs.org/@isaacs/fs-minipass/-/fs-minipass-4.0.1.tgz error (EAI_AGAIN). Will retry in 10 seconds. 2 retries left.
2025-07-12 17:50:16.651170074 UTC eduteams-0.1.0 (buildPhase)> Progress: resolved [96m1[39m, reused [96m0[39m, downloaded [96m0[39m, added [96m0[39m
2025-07-12 17:50:16.651421805 UTC eduteams-0.1.0 (buildPhase)> [1A[43m[30m WARN [39m[49m GET https://registry.npmjs.org/minipass/-/minipass-7.1.2.tgz error (EAI_AGAIN). Will retry in 10 seconds. 2 retries left.
2025-07-12 17:50:16.651677275 UTC eduteams-0.1.0 (buildPhase)> Progress: resolved [96m1[39m, reused [96m0[39m, downloaded [96m0[39m, added [96m0[39m
2025-07-12 17:50:16.651902426 UTC eduteams-0.1.0 (buildPhase)> [1A[43m[30m WARN [39m[49m GET https://registry.npmjs.org/chownr/-/chownr-3.0.0.tgz error (EAI_AGAIN). Will retry in 10 seconds. 2 retries left.
2025-07-12 17:50:16.652141606 UTC eduteams-0.1.0 (buildPhase)> Progress: resolved [96m1[39m, reused [96m0[39m, downloaded [96m0[39m, added [96m0[39m
2025-07-12 17:50:16.652372656 UTC eduteams-0.1.0 (buildPhase)> [1A[43m[30m WARN [39m[49m GET https://registry.npmjs.org/minizlib/-/minizlib-3.0.2.tgz error (EAI_AGAIN). Will retry in 10 seconds. 2 retries left.
2025-07-12 17:50:16.652572627 UTC eduteams-0.1.0 (buildPhase)> Progress: resolved [96m1[39m, reused [96m0[39m, downloaded [96m0[39m, added [96m0[39m
2025-07-12 17:50:16.652792927 UTC eduteams-0.1.0 (buildPhase)> [1A[43m[30m WARN [39m[49m GET https://registry.npmjs.org/mkdirp/-/mkdirp-3.0.1.tgz error (EAI_AGAIN). Will retry in 10 seconds. 2 retries left.
2025-07-12 17:50:16.653017338 UTC eduteams-0.1.0 (buildPhase)> Progress: resolved [96m1[39m, reused [96m0[39m, downloaded [96m0[39m, added [96m0[39m
2025-07-12 17:50:16.65428691 UTC eduteams-0.1.0 (buildPhase)> [1A[43m[30m WARN [39m[49m GET https://registry.npmjs.org/yallist/-/yallist-5.0.0.tgz error (EAI_AGAIN). Will retry in 10 seconds. 2 retries left.
2025-07-12 17:50:16.65448247 UTC eduteams-0.1.0 (buildPhase)> Progress: resolved [96m1[39m, reused [96m0[39m, downloaded [96m0[39m, added [96m0[39m
2025-07-12 17:50:16.654684551 UTC eduteams-0.1.0 (buildPhase)> [1A[43m[30m WARN [39m[49m GET https://registry.npmjs.org/@tailwindcss/oxide-linux-x64-gnu/-/oxide-linux-x64-gnu-4.1.11.tgz error (EAI_AGAIN). Will retry in 10 seconds. 2 retries left.
2025-07-12 17:50:16.654882291 UTC eduteams-0.1.0 (buildPhase)> Progress: resolved [96m1[39m, reused [96m0[39m, downloaded [96m0[39m, added [96m0[39m
2025-07-12 17:50:16.655087481 UTC eduteams-0.1.0 (buildPhase)> [1A[43m[30m WARN [39m[49m GET https://registry.npmjs.org/@tailwindcss/oxide-linux-x64-musl/-/oxide-linux-x64-musl-4.1.11.tgz error (EAI_AGAIN). Will retry in 10 seconds. 2 retries left.
2025-07-12 17:50:16.655238802 UTC eduteams-0.1.0 (buildPhase)> Progress: resolved [96m1[39m, reused [96m0[39m, downloaded [96m0[39m, added [96m0[39m
2025-07-12 17:50:16.655411172 UTC eduteams-0.1.0 (buildPhase)> [1A[43m[30m WARN [39m[49m GET https://registry.npmjs.org/postcss/-/postcss-8.5.6.tgz error (EAI_AGAIN). Will retry in 10 seconds. 2 retries left.
2025-07-12 17:50:16.655604093 UTC eduteams-0.1.0 (buildPhase)> Progress: resolved [96m1[39m, reused [96m0[39m, downloaded [96m0[39m, added [96m0[39m
2025-07-12 17:50:16.655806303 UTC eduteams-0.1.0 (buildPhase)> [1A[43m[30m WARN [39m[49m GET https://registry.npmjs.org/@types/node/-/node-20.19.7.tgz error (EAI_AGAIN). Will retry in 10 seconds. 2 retries left.
2025-07-12 17:50:16.655972773 UTC eduteams-0.1.0 (buildPhase)> Progress: resolved [96m1[39m, reused [96m0[39m, downloaded [96m0[39m, added [96m0[39m
2025-07-12 17:50:16.656130333 UTC eduteams-0.1.0 (buildPhase)> [1A[43m[30m WARN [39m[49m GET https://registry.npmjs.org/undici-types/-/undici-types-6.21.0.tgz error (EAI_AGAIN). Will retry in 10 seconds. 2 retries left.
2025-07-12 17:50:16.656282764 UTC eduteams-0.1.0 (buildPhase)> Progress: resolved [96m1[39m, reused [96m0[39m, downloaded [96m0[39m, added [96m0[39m
2025-07-12 17:50:16.656438694 UTC eduteams-0.1.0 (buildPhase)> [1A[43m[30m WARN [39m[49m GET https://registry.npmjs.org/@types/react/-/react-19.1.8.tgz error (EAI_AGAIN). Will retry in 10 seconds. 2 retries left.
2025-07-12 17:50:16.656611544 UTC eduteams-0.1.0 (buildPhase)> Progress: resolved [96m1[39m, reused [96m0[39m, downloaded [96m0[39m, added [96m0[39m
2025-07-12 17:50:16.656815795 UTC eduteams-0.1.0 (buildPhase)> [1A[43m[30m WARN [39m[49m GET https://registry.npmjs.org/csstype/-/csstype-3.1.3.tgz error (EAI_AGAIN). Will retry in 10 seconds. 2 retries left.
2025-07-12 17:50:16.657007875 UTC eduteams-0.1.0 (buildPhase)> Progress: resolved [96m1[39m, reused [96m0[39m, downloaded [96m0[39m, added [96m0[39m
2025-07-12 17:50:16.657190465 UTC eduteams-0.1.0 (buildPhase)> [1A[43m[30m WARN [39m[49m GET https://registry.npmjs.org/@types/react-dom/-/react-dom-19.1.6.tgz error (EAI_AGAIN). Will retry in 10 seconds. 2 retries left.
2025-07-12 17:50:16.657369605 UTC eduteams-0.1.0 (buildPhase)> Progress: resolved [96m1[39m, reused [96m0[39m, downloaded [96m0[39m, added [96m0[39m
2025-07-12 17:50:16.657517646 UTC eduteams-0.1.0 (buildPhase)> [1A[43m[30m WARN [39m[49m GET https://registry.npmjs.org/eslint/-/eslint-9.31.0.tgz error (EAI_AGAIN). Will retry in 10 seconds. 2 retries left.
2025-07-12 17:50:16.657691126 UTC eduteams-0.1.0 (buildPhase)> Progress: resolved [96m1[39m, reused [96m0[39m, downloaded [96m0[39m, added [96m0[39m
2025-07-12 17:50:16.657872186 UTC eduteams-0.1.0 (buildPhase)> [1A[43m[30m WARN [39m[49m GET https://registry.npmjs.org/@eslint-community/eslint-utils/-/eslint-utils-4.7.0.tgz error (EAI_AGAIN). Will retry in 10 seconds. 2 retries left.
2025-07-12 17:50:16.658037507 UTC eduteams-0.1.0 (buildPhase)> Progress: resolved [96m1[39m, reused [96m0[39m, downloaded [96m0[39m, added [96m0[39m
2025-07-12 17:50:16.658210157 UTC eduteams-0.1.0 (buildPhase)> [1A[43m[30m WARN [39m[49m GET https://registry.npmjs.org/eslint-visitor-keys/-/eslint-visitor-keys-3.4.3.tgz error (EAI_AGAIN). Will retry in 10 seconds. 2 retries left.
2025-07-12 17:50:16.658395667 UTC eduteams-0.1.0 (buildPhase)> Progress: resolved [96m1[39m, reused [96m0[39m, downloaded [96m0[39m, added [96m0[39m
2025-07-12 17:50:16.675646648 UTC eduteams-0.1.0 (buildPhase)> [1AProgress: resolved [96m337[39m, reused [96m0[39m, downloaded [96m0[39m, added [96m0[39m
2025-07-12 17:50:26.641025683 UTC eduteams-0.1.0 (buildPhase)> [1A[43m[30m WARN [39m[49m GET https://registry.npmjs.org/next/-/next-15.3.5.tgz error (EAI_AGAIN). Will retry in 1 minute. 1 retries left.
2025-07-12 17:50:26.641787185 UTC eduteams-0.1.0 (buildPhase)> Progress: resolved [96m337[39m, reused [96m0[39m, downloaded [96m0[39m, added [96m0[39m
2025-07-12 17:50:26.642551906 UTC eduteams-0.1.0 (buildPhase)> [1A[43m[30m WARN [39m[49m GET https://registry.npmjs.org/import-fresh/-/import-fresh-3.3.1.tgz error (EAI_AGAIN). Will retry in 1 minute. 1 retries left.
2025-07-12 17:50:26.643003897 UTC eduteams-0.1.0 (buildPhase)> Progress: resolved [96m337[39m, reused [96m0[39m, downloaded [96m0[39m, added [96m0[39m
2025-07-12 17:50:26.656705832 UTC eduteams-0.1.0 (buildPhase)> [1A[43m[30m WARN [39m[49m GET https://registry.npmjs.org/parent-module/-/parent-module-1.0.1.tgz error (EAI_AGAIN). Will retry in 1 minute. 1 retries left.
2025-07-12 17:50:26.657090513 UTC eduteams-0.1.0 (buildPhase)> Progress: resolved [96m337[39m, reused [96m0[39m, downloaded [96m0[39m, added [96m0[39m
2025-07-12 17:50:26.657424064 UTC eduteams-0.1.0 (buildPhase)> [1A[43m[30m WARN [39m[49m GET https://registry.npmjs.org/callsites/-/callsites-3.1.0.tgz error (EAI_AGAIN). Will retry in 1 minute. 1 retries left.
2025-07-12 17:50:26.657598764 UTC eduteams-0.1.0 (buildPhase)> Progress: resolved [96m337[39m, reused [96m0[39m, downloaded [96m0[39m, added [96m0[39m
2025-07-12 17:50:26.657801814 UTC eduteams-0.1.0 (buildPhase)> [1A[43m[30m WARN [39m[49m GET https://registry.npmjs.org/resolve-from/-/resolve-from-4.0.0.tgz error (EAI_AGAIN). Will retry in 1 minute. 1 retries left.
2025-07-12 17:50:26.657940025 UTC eduteams-0.1.0 (buildPhase)> Progress: resolved [96m337[39m, reused [96m0[39m, downloaded [96m0[39m, added [96m0[39m
2025-07-12 17:50:26.659635828 UTC eduteams-0.1.0 (buildPhase)> [1A[43m[30m WARN [39m[49m GET https://registry.npmjs.org/js-yaml/-/js-yaml-4.1.0.tgz error (EAI_AGAIN). Will retry in 1 minute. 1 retries left.
2025-07-12 17:50:26.659915588 UTC eduteams-0.1.0 (buildPhase)> Progress: resolved [96m337[39m, reused [96m0[39m, downloaded [96m0[39m, added [96m0[39m
2025-07-12 17:50:26.660344419 UTC eduteams-0.1.0 (buildPhase)> [1A[43m[30m WARN [39m[49m GET https://registry.npmjs.org/argparse/-/argparse-2.0.1.tgz error (EAI_AGAIN). Will retry in 1 minute. 1 retries left.
2025-07-12 17:50:26.660622269 UTC eduteams-0.1.0 (buildPhase)> Progress: resolved [96m337[39m, reused [96m0[39m, downloaded [96m0[39m, added [96m0[39m
2025-07-12 17:50:26.66087043 UTC eduteams-0.1.0 (buildPhase)> [1A[43m[30m WARN [39m[49m GET https://registry.npmjs.org/minimatch/-/minimatch-3.1.2.tgz error (EAI_AGAIN). Will retry in 1 minute. 1 retries left.
2025-07-12 17:50:26.66107849 UTC eduteams-0.1.0 (buildPhase)> Progress: resolved [96m337[39m, reused [96m0[39m, downloaded [96m0[39m, added [96m0[39m
2025-07-12 17:50:26.661427631 UTC eduteams-0.1.0 (buildPhase)> [1A[43m[30m WARN [39m[49m GET https://registry.npmjs.org/brace-expansion/-/brace-expansion-1.1.12.tgz error (EAI_AGAIN). Will retry in 1 minute. 1 retries left.
2025-07-12 17:50:26.661627681 UTC eduteams-0.1.0 (buildPhase)> Progress: resolved [96m337[39m, reused [96m0[39m, downloaded [96m0[39m, added [96m0[39m
2025-07-12 17:50:26.661944572 UTC eduteams-0.1.0 (buildPhase)> [1A[43m[30m WARN [39m[49m GET https://registry.npmjs.org/balanced-match/-/balanced-match-1.0.2.tgz error (EAI_AGAIN). Will retry in 1 minute. 1 retries left.
2025-07-12 17:50:26.662137332 UTC eduteams-0.1.0 (buildPhase)> Progress: resolved [96m337[39m, reused [96m0[39m, downloaded [96m0[39m, added [96m0[39m
2025-07-12 17:50:26.662644493 UTC eduteams-0.1.0 (buildPhase)> [1A[43m[30m WARN [39m[49m GET https://registry.npmjs.org/concat-map/-/concat-map-0.0.1.tgz error (EAI_AGAIN). Will retry in 1 minute. 1 retries left.
2025-07-12 17:50:26.662835383 UTC eduteams-0.1.0 (buildPhase)> Progress: resolved [96m337[39m, reused [96m0[39m, downloaded [96m0[39m, added [96m0[39m
2025-07-12 17:50:26.664516726 UTC eduteams-0.1.0 (buildPhase)> [1A[43m[30m WARN [39m[49m GET https://registry.npmjs.org/strip-json-comments/-/strip-json-comments-3.1.1.tgz error (EAI_AGAIN). Will retry in 1 minute. 1 retries left.
2025-07-12 17:50:26.664720797 UTC eduteams-0.1.0 (buildPhase)> Progress: resolved [96m337[39m, reused [96m0[39m, downloaded [96m0[39m, added [96m0[39m
2025-07-12 17:50:26.665450708 UTC eduteams-0.1.0 (buildPhase)> [1A[43m[30m WARN [39m[49m GET https://registry.npmjs.org/@tailwindcss/postcss/-/postcss-4.1.11.tgz error (EAI_AGAIN). Will retry in 1 minute. 1 retries left.
2025-07-12 17:50:26.665682089 UTC eduteams-0.1.0 (buildPhase)> Progress: resolved [96m337[39m, reused [96m0[39m, downloaded [96m0[39m, added [96m0[39m
2025-07-12 17:50:26.66621937 UTC eduteams-0.1.0 (buildPhase)> [1A[43m[30m WARN [39m[49m GET https://registry.npmjs.org/@alloc/quick-lru/-/quick-lru-5.2.0.tgz error (EAI_AGAIN). Will retry in 1 minute. 1 retries left.
2025-07-12 17:50:26.66643645 UTC eduteams-0.1.0 (buildPhase)> Progress: resolved [96m337[39m, reused [96m0[39m, downloaded [96m0[39m, added [96m0[39m
2025-07-12 17:50:26.666987731 UTC eduteams-0.1.0 (buildPhase)> [1A[43m[30m WARN [39m[49m GET https://registry.npmjs.org/@tailwindcss/node/-/node-4.1.11.tgz error (EAI_AGAIN). Will retry in 1 minute. 1 retries left.
2025-07-12 17:50:26.667133731 UTC eduteams-0.1.0 (buildPhase)> Progress: resolved [96m337[39m, reused [96m0[39m, downloaded [96m0[39m, added [96m0[39m
2025-07-12 17:50:26.702986075 UTC eduteams-0.1.0 (buildPhase)> [1A[43m[30m WARN [39m[49m GET https://registry.npmjs.org/@ampproject/remapping/-/remapping-2.3.0.tgz error (EAI_AGAIN). Will retry in 1 minute. 1 retries left.
2025-07-12 17:50:26.703330906 UTC eduteams-0.1.0 (buildPhase)> Progress: resolved [96m337[39m, reused [96m0[39m, downloaded [96m0[39m, added [96m0[39m
2025-07-12 17:50:26.703679027 UTC eduteams-0.1.0 (buildPhase)> [1A[43m[30m WARN [39m[49m GET https://registry.npmjs.org/@jridgewell/gen-mapping/-/gen-mapping-0.3.12.tgz error (EAI_AGAIN). Will retry in 1 minute. 1 retries left.
2025-07-12 17:50:26.703914467 UTC eduteams-0.1.0 (buildPhase)> Progress: resolved [96m337[39m, reused [96m0[39m, downloaded [96m0[39m, added [96m0[39m
2025-07-12 17:50:26.704228498 UTC eduteams-0.1.0 (buildPhase)> [1A[43m[30m WARN [39m[49m GET https://registry.npmjs.org/@jridgewell/sourcemap-codec/-/sourcemap-codec-1.5.4.tgz error (EAI_AGAIN). Will retry in 1 minute. 1 retries left.
2025-07-12 17:50:26.704554778 UTC eduteams-0.1.0 (buildPhase)> Progress: resolved [96m337[39m, reused [96m0[39m, downloaded [96m0[39m, added [96m0[39m
2025-07-12 17:50:26.704881149 UTC eduteams-0.1.0 (buildPhase)> [1A[43m[30m WARN [39m[49m GET https://registry.npmjs.org/@jridgewell/trace-mapping/-/trace-mapping-0.3.29.tgz error (EAI_AGAIN). Will retry in 1 minute. 1 retries left.
2025-07-12 17:50:26.705115219 UTC eduteams-0.1.0 (buildPhase)> Progress: resolved [96m337[39m, reused [96m0[39m, downloaded [96m0[39m, added [96m0[39m
2025-07-12 17:50:26.70532711 UTC eduteams-0.1.0 (buildPhase)> [1A[43m[30m WARN [39m[49m GET https://registry.npmjs.org/@jridgewell/resolve-uri/-/resolve-uri-3.1.2.tgz error (EAI_AGAIN). Will retry in 1 minute. 1 retries left.
2025-07-12 17:50:26.70553848 UTC eduteams-0.1.0 (buildPhase)> Progress: resolved [96m337[39m, reused [96m0[39m, downloaded [96m0[39m, added [96m0[39m
2025-07-12 17:50:26.705797321 UTC eduteams-0.1.0 (buildPhase)> [1A[43m[30m WARN [39m[49m GET https://registry.npmjs.org/enhanced-resolve/-/enhanced-resolve-5.18.2.tgz error (EAI_AGAIN). Will retry in 1 minute. 1 retries left.
2025-07-12 17:50:26.705964601 UTC eduteams-0.1.0 (buildPhase)> Progress: resolved [96m337[39m, reused [96m0[39m, downloaded [96m0[39m, added [96m0[39m
2025-07-12 17:50:26.706742602 UTC eduteams-0.1.0 (buildPhase)> [1A[43m[30m WARN [39m[49m GET https://registry.npmjs.org/graceful-fs/-/graceful-fs-4.2.11.tgz error (EAI_AGAIN). Will retry in 1 minute. 1 retries left.
2025-07-12 17:50:26.706999353 UTC eduteams-0.1.0 (buildPhase)> Progress: resolved [96m337[39m, reused [96m0[39m, downloaded [96m0[39m, added [96m0[39m
2025-07-12 17:50:26.707225513 UTC eduteams-0.1.0 (buildPhase)> [1A[43m[30m WARN [39m[49m GET https://registry.npmjs.org/tapable/-/tapable-2.2.2.tgz error (EAI_AGAIN). Will retry in 1 minute. 1 retries left.
2025-07-12 17:50:26.707454024 UTC eduteams-0.1.0 (buildPhase)> Progress: resolved [96m337[39m, reused [96m0[39m, downloaded [96m0[39m, added [96m0[39m
2025-07-12 17:50:26.707709014 UTC eduteams-0.1.0 (buildPhase)> [1A[43m[30m WARN [39m[49m GET https://registry.npmjs.org/jiti/-/jiti-2.4.2.tgz error (EAI_AGAIN). Will retry in 1 minute. 1 retries left.
2025-07-12 17:50:26.707949324 UTC eduteams-0.1.0 (buildPhase)> Progress: resolved [96m337[39m, reused [96m0[39m, downloaded [96m0[39m, added [96m0[39m
2025-07-12 17:50:26.708323145 UTC eduteams-0.1.0 (buildPhase)> [1A[43m[30m WARN [39m[49m GET https://registry.npmjs.org/lightningcss/-/lightningcss-1.30.1.tgz error (EAI_AGAIN). Will retry in 1 minute. 1 retries left.
2025-07-12 17:50:26.708547436 UTC eduteams-0.1.0 (buildPhase)> Progress: resolved [96m337[39m, reused [96m0[39m, downloaded [96m0[39m, added [96m0[39m
2025-07-12 17:50:26.709096757 UTC eduteams-0.1.0 (buildPhase)> [1A[43m[30m WARN [39m[49m GET https://registry.npmjs.org/lightningcss-linux-x64-gnu/-/lightningcss-linux-x64-gnu-1.30.1.tgz error (EAI_AGAIN). Will retry in 1 minute. 1 retries left.
2025-07-12 17:50:26.709323237 UTC eduteams-0.1.0 (buildPhase)> Progress: resolved [96m337[39m, reused [96m0[39m, downloaded [96m0[39m, added [96m0[39m
2025-07-12 17:50:26.71074448 UTC eduteams-0.1.0 (buildPhase)> [1A[43m[30m WARN [39m[49m GET https://registry.npmjs.org/lightningcss-linux-x64-musl/-/lightningcss-linux-x64-musl-1.30.1.tgz error (EAI_AGAIN). Will retry in 1 minute. 1 retries left.
2025-07-12 17:50:26.71097719 UTC eduteams-0.1.0 (buildPhase)> Progress: resolved [96m337[39m, reused [96m0[39m, downloaded [96m0[39m, added [96m0[39m
2025-07-12 17:50:26.711561621 UTC eduteams-0.1.0 (buildPhase)> [1A[43m[30m WARN [39m[49m GET https://registry.npmjs.org/magic-string/-/magic-string-0.30.17.tgz error (EAI_AGAIN). Will retry in 1 minute. 1 retries left.
2025-07-12 17:50:26.711800062 UTC eduteams-0.1.0 (buildPhase)> Progress: resolved [96m337[39m, reused [96m0[39m, downloaded [96m0[39m, added [96m0[39m
2025-07-12 17:50:26.712225522 UTC eduteams-0.1.0 (buildPhase)> [1A[43m[30m WARN [39m[49m GET https://registry.npmjs.org/tailwindcss/-/tailwindcss-4.1.11.tgz error (EAI_AGAIN). Will retry in 1 minute. 1 retries left.
2025-07-12 17:50:26.712429693 UTC eduteams-0.1.0 (buildPhase)> Progress: resolved [96m337[39m, reused [96m0[39m, downloaded [96m0[39m, added [96m0[39m
2025-07-12 17:50:26.712913454 UTC eduteams-0.1.0 (buildPhase)> [1A[43m[30m WARN [39m[49m GET https://registry.npmjs.org/@tailwindcss/oxide/-/oxide-4.1.11.tgz error (EAI_AGAIN). Will retry in 1 minute. 1 retries left.
2025-07-12 17:50:26.713162584 UTC eduteams-0.1.0 (buildPhase)> Progress: resolved [96m337[39m, reused [96m0[39m, downloaded [96m0[39m, added [96m0[39m
2025-07-12 17:50:26.713607045 UTC eduteams-0.1.0 (buildPhase)> [1A[43m[30m WARN [39m[49m GET https://registry.npmjs.org/tar/-/tar-7.4.3.tgz error (EAI_AGAIN). Will retry in 1 minute. 1 retries left.
2025-07-12 17:50:26.713813675 UTC eduteams-0.1.0 (buildPhase)> Progress: resolved [96m337[39m, reused [96m0[39m, downloaded [96m0[39m, added [96m0[39m
2025-07-12 17:50:26.714448916 UTC eduteams-0.1.0 (buildPhase)> [1A[43m[30m WARN [39m[49m GET https://registry.npmjs.org/@isaacs/fs-minipass/-/fs-minipass-4.0.1.tgz error (EAI_AGAIN). Will retry in 1 minute. 1 retries left.
2025-07-12 17:50:26.714683247 UTC eduteams-0.1.0 (buildPhase)> Progress: resolved [96m337[39m, reused [96m0[39m, downloaded [96m0[39m, added [96m0[39m
2025-07-12 17:50:26.715199288 UTC eduteams-0.1.0 (buildPhase)> [1A[43m[30m WARN [39m[49m GET https://registry.npmjs.org/minipass/-/minipass-7.1.2.tgz error (EAI_AGAIN). Will retry in 1 minute. 1 retries left.
2025-07-12 17:50:26.715433578 UTC eduteams-0.1.0 (buildPhase)> Progress: resolved [96m337[39m, reused [96m0[39m, downloaded [96m0[39m, added [96m0[39m
2025-07-12 17:50:26.715974379 UTC eduteams-0.1.0 (buildPhase)> [1A[43m[30m WARN [39m[49m GET https://registry.npmjs.org/chownr/-/chownr-3.0.0.tgz error (EAI_AGAIN). Will retry in 1 minute. 1 retries left.
2025-07-12 17:50:26.71619039 UTC eduteams-0.1.0 (buildPhase)> Progress: resolved [96m337[39m, reused [96m0[39m, downloaded [96m0[39m, added [96m0[39m
2025-07-12 17:50:26.716760401 UTC eduteams-0.1.0 (buildPhase)> [1A[43m[30m WARN [39m[49m GET https://registry.npmjs.org/minizlib/-/minizlib-3.0.2.tgz error (EAI_AGAIN). Will retry in 1 minute. 1 retries left.
2025-07-12 17:50:26.717007051 UTC eduteams-0.1.0 (buildPhase)> Progress: resolved [96m337[39m, reused [96m0[39m, downloaded [96m0[39m, added [96m0[39m
2025-07-12 17:50:26.717516562 UTC eduteams-0.1.0 (buildPhase)> [1A[43m[30m WARN [39m[49m GET https://registry.npmjs.org/mkdirp/-/mkdirp-3.0.1.tgz error (EAI_AGAIN). Will retry in 1 minute. 1 retries left.
2025-07-12 17:50:26.717742533 UTC eduteams-0.1.0 (buildPhase)> Progress: resolved [96m337[39m, reused [96m0[39m, downloaded [96m0[39m, added [96m0[39m
2025-07-12 17:50:26.718262583 UTC eduteams-0.1.0 (buildPhase)> [1A[43m[30m WARN [39m[49m GET https://registry.npmjs.org/yallist/-/yallist-5.0.0.tgz error (EAI_AGAIN). Will retry in 1 minute. 1 retries left.
2025-07-12 17:50:26.718502774 UTC eduteams-0.1.0 (buildPhase)> Progress: resolved [96m337[39m, reused [96m0[39m, downloaded [96m0[39m, added [96m0[39m
2025-07-12 17:50:26.719646986 UTC eduteams-0.1.0 (buildPhase)> [1A[43m[30m WARN [39m[49m GET https://registry.npmjs.org/@tailwindcss/oxide-linux-x64-gnu/-/oxide-linux-x64-gnu-4.1.11.tgz error (EAI_AGAIN). Will retry in 1 minute. 1 retries left.
2025-07-12 17:50:26.719883537 UTC eduteams-0.1.0 (buildPhase)> Progress: resolved [96m337[39m, reused [96m0[39m, downloaded [96m0[39m, added [96m0[39m
2025-07-12 17:50:26.720514098 UTC eduteams-0.1.0 (buildPhase)> [1A[43m[30m WARN [39m[49m GET https://registry.npmjs.org/@tailwindcss/oxide-linux-x64-musl/-/oxide-linux-x64-musl-4.1.11.tgz error (EAI_AGAIN). Will retry in 1 minute. 1 retries left.
2025-07-12 17:50:26.720701308 UTC eduteams-0.1.0 (buildPhase)> Progress: resolved [96m337[39m, reused [96m0[39m, downloaded [96m0[39m, added [96m0[39m
2025-07-12 17:50:26.721190789 UTC eduteams-0.1.0 (buildPhase)> [1A[43m[30m WARN [39m[49m GET https://registry.npmjs.org/postcss/-/postcss-8.5.6.tgz error (EAI_AGAIN). Will retry in 1 minute. 1 retries left.
2025-07-12 17:50:26.721346749 UTC eduteams-0.1.0 (buildPhase)> Progress: resolved [96m337[39m, reused [96m0[39m, downloaded [96m0[39m, added [96m0[39m
2025-07-12 17:50:26.72212185 UTC eduteams-0.1.0 (buildPhase)> [1A[43m[30m WARN [39m[49m GET https://registry.npmjs.org/@types/node/-/node-20.19.7.tgz error (EAI_AGAIN). Will retry in 1 minute. 1 retries left.
2025-07-12 17:50:26.722354491 UTC eduteams-0.1.0 (buildPhase)> Progress: resolved [96m337[39m, reused [96m0[39m, downloaded [96m0[39m, added [96m0[39m
2025-07-12 17:50:26.722849042 UTC eduteams-0.1.0 (buildPhase)> [1A[43m[30m WARN [39m[49m GET https://registry.npmjs.org/undici-types/-/undici-types-6.21.0.tgz error (EAI_AGAIN). Will retry in 1 minute. 1 retries left.
2025-07-12 17:50:26.723083882 UTC eduteams-0.1.0 (buildPhase)> Progress: resolved [96m337[39m, reused [96m0[39m, downloaded [96m0[39m, added [96m0[39m
2025-07-12 17:50:26.723530423 UTC eduteams-0.1.0 (buildPhase)> [1A[43m[30m WARN [39m[49m GET https://registry.npmjs.org/@types/react/-/react-19.1.8.tgz error (EAI_AGAIN). Will retry in 1 minute. 1 retries left.
2025-07-12 17:50:26.724865295 UTC eduteams-0.1.0 (buildPhase)> Progress: resolved [96m337[39m, reused [96m0[39m, downloaded [96m0[39m, added [96m0[39m
2025-07-12 17:50:26.725059786 UTC eduteams-0.1.0 (buildPhase)> [1A[43m[30m WARN [39m[49m GET https://registry.npmjs.org/csstype/-/csstype-3.1.3.tgz error (EAI_AGAIN). Will retry in 1 minute. 1 retries left.
2025-07-12 17:50:26.725236836 UTC eduteams-0.1.0 (buildPhase)> Progress: resolved [96m337[39m, reused [96m0[39m, downloaded [96m0[39m, added [96m0[39m
2025-07-12 17:50:26.725423276 UTC eduteams-0.1.0 (buildPhase)> [1A[43m[30m WARN [39m[49m GET https://registry.npmjs.org/@types/react-dom/-/react-dom-19.1.6.tgz error (EAI_AGAIN). Will retry in 1 minute. 1 retries left.
2025-07-12 17:50:26.725587157 UTC eduteams-0.1.0 (buildPhase)> Progress: resolved [96m337[39m, reused [96m0[39m, downloaded [96m0[39m, added [96m0[39m
2025-07-12 17:50:26.725783607 UTC eduteams-0.1.0 (buildPhase)> [1A[43m[30m WARN [39m[49m GET https://registry.npmjs.org/eslint/-/eslint-9.31.0.tgz error (EAI_AGAIN). Will retry in 1 minute. 1 retries left.
2025-07-12 17:50:26.725949687 UTC eduteams-0.1.0 (buildPhase)> Progress: resolved [96m337[39m, reused [96m0[39m, downloaded [96m0[39m, added [96m0[39m
2025-07-12 17:50:26.726424768 UTC eduteams-0.1.0 (buildPhase)> [1A[43m[30m WARN [39m[49m GET https://registry.npmjs.org/@eslint-community/eslint-utils/-/eslint-utils-4.7.0.tgz error (EAI_AGAIN). Will retry in 1 minute. 1 retries left.
2025-07-12 17:50:26.726578738 UTC eduteams-0.1.0 (buildPhase)> Progress: resolved [96m337[39m, reused [96m0[39m, downloaded [96m0[39m, added [96m0[39m
2025-07-12 17:50:26.729460104 UTC eduteams-0.1.0 (buildPhase)> [1A[43m[30m WARN [39m[49m GET https://registry.npmjs.org/eslint-visitor-keys/-/eslint-visitor-keys-3.4.3.tgz error (EAI_AGAIN). Will retry in 1 minute. 1 retries left.
2025-07-12 17:50:26.729628244 UTC eduteams-0.1.0 (buildPhase)> Progress: resolved [96m337[39m, reused [96m0[39m, downloaded [96m0[39m, added [96m0[39m
2025-07-12 17:51:26.667429296 UTC eduteams-0.1.0 (buildPhase)> [1A[43m[30m WARN [39m[49m GET https://registry.npmjs.org/@eslint-community/regexpp/-/regexpp-4.12.1.tgz error (EAI_AGAIN). Will retry in 10 seconds. 2 retries left.
2025-07-12 17:51:26.667984808 UTC eduteams-0.1.0 (buildPhase)> Progress: resolved [96m337[39m, reused [96m0[39m, downloaded [96m0[39m, added [96m0[39m
2025-07-12 17:51:26.687277523 UTC eduteams-0.1.0 (buildPhase)> [1A[43m[30m WARN [39m[49m GET https://registry.npmjs.org/@next/env/-/env-15.3.5.tgz error (EAI_AGAIN). Will retry in 10 seconds. 2 retries left.
2025-07-12 17:51:26.687576413 UTC eduteams-0.1.0 (buildPhase)> Progress: resolved [96m337[39m, reused [96m0[39m, downloaded [96m0[39m, added [96m0[39m
2025-07-12 17:51:26.687903364 UTC eduteams-0.1.0 (buildPhase)> [1A[43m[30m WARN [39m[49m GET https://registry.npmjs.org/@swc/counter/-/counter-0.1.3.tgz error (EAI_AGAIN). Will retry in 10 seconds. 2 retries left.
2025-07-12 17:51:26.688088414 UTC eduteams-0.1.0 (buildPhase)> Progress: resolved [96m337[39m, reused [96m0[39m, downloaded [96m0[39m, added [96m0[39m
2025-07-12 17:51:26.688705506 UTC eduteams-0.1.0 (buildPhase)> [1A[43m[30m WARN [39m[49m GET https://registry.npmjs.org/@swc/helpers/-/helpers-0.5.15.tgz error (EAI_AGAIN). Will retry in 10 seconds. 2 retries left.
2025-07-12 17:51:26.688876446 UTC eduteams-0.1.0 (buildPhase)> Progress: resolved [96m337[39m, reused [96m0[39m, downloaded [96m0[39m, added [96m0[39m
2025-07-12 17:51:26.767180518 UTC eduteams-0.1.0 (buildPhase)> [1A[41m[30m EAI_AGAIN [39m[49m [31mrequest to https://registry.npmjs.org/next/-/next-15.3.5.tgz failed, reason: getaddrinfo EAI_AGAIN registry.npmjs.org[39m
2025-07-12 17:51:26.767690369 UTC eduteams-0.1.0 (buildPhase)> 
2025-07-12 17:51:26.76821065 UTC eduteams-0.1.0 (buildPhase)> FetchError: request to https://registry.npmjs.org/next/-/next-15.3.5.tgz failed, reason: getaddrinfo EAI_AGAIN registry.npmjs.org
2025-07-12 17:51:26.768695111 UTC eduteams-0.1.0 (buildPhase)>     at ClientRequest.<anonymous> (/nix/store/rsy1wbf1pcmfdzqygrhq06v6yqa0pxp6-pnpm-9.15.9/libexec/pnpm/dist/pnpm.cjs:67084:18)
2025-07-12 17:51:26.769150621 UTC eduteams-0.1.0 (buildPhase)>     at ClientRequest.emit (node:events:524:28)
2025-07-12 17:51:26.769496602 UTC eduteams-0.1.0 (buildPhase)>     at emitErrorEvent (node:_http_client:101:11)
2025-07-12 17:51:26.769772452 UTC eduteams-0.1.0 (buildPhase)>     at TLSSocket.socketErrorListener (node:_http_client:504:5)
2025-07-12 17:51:26.770145643 UTC eduteams-0.1.0 (buildPhase)>     at TLSSocket.emit (node:events:536:35)
2025-07-12 17:51:26.770466254 UTC eduteams-0.1.0 (buildPhase)>     at emitErrorNT (node:internal/streams/destroy:169:8)
2025-07-12 17:51:26.770767224 UTC eduteams-0.1.0 (buildPhase)>     at emitErrorCloseNT (node:internal/streams/destroy:128:3)
2025-07-12 17:51:26.771085315 UTC eduteams-0.1.0 (buildPhase)>     at process.processTicksAndRejections (node:internal/process/task_queues:82:21)
2025-07-12 17:51:26.771397045 UTC eduteams-0.1.0 (buildPhase)> Progress: resolved [96m337[39m, reused [96m0[39m, downloaded [96m0[39m, added [96m0[39m
2025-07-12 17:51:26.908360864 UTC> [31;1merror:[0m build of '[35;1m/nix/store/hs9f8h52awiqvjncqx6c8wss1jxzhw5p-eduteams-0.1.0.drv[0m' on '[35;1mssh-ng://nix-ssh@garnix5[0m' failed: [35;1m[0mbuilder for '[35;1m/nix/store/hs9f8h52awiqvjncqx6c8wss1jxzhw5p-eduteams-0.1.0.drv[0m' failed with exit code 1;
       last 25 log lines:
       > Progress: resolved [96m337[39m, reused [96m0[39m, downloaded [96m0[39m, added [96m0[39m
       > [1A[43m[30m WARN [39m[49m GET https://registry.npmjs.org/@eslint-community/eslint-utils/-/eslint-utils-4.7.0.tgz error (EAI_AGAIN). Will retry in 1 minute. 1 retries left.
       > Progress: resolved [96m337[39m, reused [96m0[39m, downloaded [96m0[39m, added [96m0[39m
       > [1A[43m[30m WARN [39m[49m GET https://registry.npmjs.org/eslint-visitor-keys/-/eslint-visitor-keys-3.4.3.tgz error (EAI_AGAIN). Will retry in 1 minute. 1 retries left.
       > Progress: resolved [96m337[39m, reused [96m0[39m, downloaded [96m0[39m, added [96m0[39m
       > [1A[43m[30m WARN [39m[49m GET https://registry.npmjs.org/@eslint-community/regexpp/-/regexpp-4.12.1.tgz error (EAI_AGAIN). Will retry in 10 seconds. 2 retries left.
       > Progress: resolved [96m337[39m, reused [96m0[39m, downloaded [96m0[39m, added [96m0[39m
       > [1A[43m[30m WARN [39m[49m GET https://registry.npmjs.org/@next/env/-/env-15.3.5.tgz error (EAI_AGAIN). Will retry in 10 seconds. 2 retries left.
       > Progress: resolved [96m337[39m, reused [96m0[39m, downloaded [96m0[39m, added [96m0[39m
       > [1A[43m[30m WARN [39m[49m GET https://registry.npmjs.org/@swc/counter/-/counter-0.1.3.tgz error (EAI_AGAIN). Will retry in 10 seconds. 2 retries left.
       > Progress: resolved [96m337[39m, reused [96m0[39m, downloaded [96m0[39m, added [96m0[39m
       > [1A[43m[30m WARN [39m[49m GET https://registry.npmjs.org/@swc/helpers/-/helpers-0.5.15.tgz error (EAI_AGAIN). Will retry in 10 seconds. 2 retries left.
       > Progress: resolved [96m337[39m, reused [96m0[39m, downloaded [96m0[39m, added [96m0[39m
       > [1A[41m[30m EAI_AGAIN [39m[49m [31mrequest to https://registry.npmjs.org/next/-/next-15.3.5.tgz failed, reason: getaddrinfo EAI_AGAIN registry.npmjs.org[39m
       >
       > FetchError: request to https://registry.npmjs.org/next/-/next-15.3.5.tgz failed, reason: getaddrinfo EAI_AGAIN registry.npmjs.org
       >     at ClientRequest.<anonymous> (/nix/store/rsy1wbf1pcmfdzqygrhq06v6yqa0pxp6-pnpm-9.15.9/libexec/pnpm/dist/pnpm.cjs:67084:18)
       >     at ClientRequest.emit (node:events:524:28)
       >     at emitErrorEvent (node:_http_client:101:11)
       >     at TLSSocket.socketErrorListener (node:_http_client:504:5)
       >     at TLSSocket.emit (node:events:536:35)
       >     at emitErrorNT (node:internal/streams/destroy:169:8)
       >     at emitErrorCloseNT (node:internal/streams/destroy:128:3)
       >     at process.processTicksAndRejections (node:internal/process/task_queues:82:21)
       > Progress: resolved [96m337[39m, reused [96m0[39m, downloaded [96m0[39m, added [96m0[39m
       For full logs, run '[1mnix log /nix/store/hs9f8h52awiqvjncqx6c8wss1jxzhw5p-eduteams-0.1.0.drv[0m'.[0m
2025-07-12 17:51:26.912592052 UTC> [31;1merror:[0m [35;1m[0mbuilder for '[35;1m/nix/store/hs9f8h52awiqvjncqx6c8wss1jxzhw5p-eduteams-0.1.0.drv[0m' failed with exit code 1[0m
